// Vitest Snapshot v1, https://vitest.dev/guide/snapshot.html

exports[`Scene IR > lowers studio.arch to a golden set of positioned primitives 1`] = `
{
  "bounds": {
    "maxX": 7100,
    "maxY": 6100,
    "minX": -100,
    "minY": -100,
  },
  "hatches": [
    {
      "angle": 0,
      "material": "poche",
      "scale": 1,
    },
  ],
  "height": 10213.6,
  "nodes": [
    {
      "layer": "floor",
      "paint": {
        "fill": "#fbfaf7",
      },
      "prim": {
        "pts": [
          {
            "x": 0,
            "y": 0,
          },
          {
            "x": 4000,
            "y": 0,
          },
          {
            "x": 4000,
            "y": 6000,
          },
          {
            "x": 0,
            "y": 6000,
          },
        ],
        "t": "polygon",
      },
    },
    {
      "layer": "labels",
      "paint": {
        "fill": "#222222",
      },
      "prim": {
        "anchor": "middle",
        "at": {
          "x": 2000,
          "y": 2956.8,
        },
        "baseline": "central",
        "size": 216,
        "t": "text",
        "value": "Living / Kitchen",
        "weight": 600,
      },
    },
    {
      "layer": "labels",
      "paint": {
        "fill": "#7a7a7a",
      },
      "prim": {
        "anchor": "middle",
        "at": {
          "x": 2000,
          "y": 3194.4,
        },
        "baseline": "central",
        "size": 158.39999999999998,
        "t": "text",
        "value": "24.0 m²",
      },
    },
    {
      "layer": "floor",
      "paint": {
        "fill": "#fbfaf7",
      },
      "prim": {
        "pts": [
          {
            "x": 4000,
            "y": 0,
          },
          {
            "x": 7000,
            "y": 0,
          },
          {
            "x": 7000,
            "y": 3000,
          },
          {
            "x": 4000,
            "y": 3000,
          },
        ],
        "t": "polygon",
      },
    },
    {
      "layer": "labels",
      "paint": {
        "fill": "#222222",
      },
      "prim": {
        "anchor": "middle",
        "at": {
          "x": 6400,
          "y": 556.8,
        },
        "baseline": "central",
        "size": 216,
        "t": "text",
        "value": "Bedroom",
        "weight": 600,
      },
    },
    {
      "layer": "labels",
      "paint": {
        "fill": "#7a7a7a",
      },
      "prim": {
        "anchor": "middle",
        "at": {
          "x": 6400,
          "y": 794.4000000000001,
        },
        "baseline": "central",
        "size": 158.39999999999998,
        "t": "text",
        "value": "9.0 m²",
      },
    },
    {
      "layer": "floor",
      "paint": {
        "fill": "#fbfaf7",
      },
      "prim": {
        "pts": [
          {
            "x": 4000,
            "y": 3000,
          },
          {
            "x": 7000,
            "y": 3000,
          },
          {
            "x": 7000,
            "y": 4400,
          },
          {
            "x": 4000,
            "y": 4400,
          },
        ],
        "t": "polygon",
      },
    },
    {
      "layer": "labels",
      "paint": {
        "fill": "#222222",
      },
      "prim": {
        "anchor": "middle",
        "at": {
          "x": 5500,
          "y": 3656.8,
        },
        "baseline": "central",
        "size": 216,
        "t": "text",
        "value": "Hall",
        "weight": 600,
      },
    },
    {
      "layer": "labels",
      "paint": {
        "fill": "#7a7a7a",
      },
      "prim": {
        "anchor": "middle",
        "at": {
          "x": 5500,
          "y": 3894.4,
        },
        "baseline": "central",
        "size": 158.39999999999998,
        "t": "text",
        "value": "4.2 m²",
      },
    },
    {
      "layer": "floor",
      "paint": {
        "fill": "#fbfaf7",
      },
      "prim": {
        "pts": [
          {
            "x": 4000,
            "y": 4400,
          },
          {
            "x": 7000,
            "y": 4400,
          },
          {
            "x": 7000,
            "y": 6000,
          },
          {
            "x": 4000,
            "y": 6000,
          },
        ],
        "t": "polygon",
      },
    },
    {
      "layer": "labels",
      "paint": {
        "fill": "#222222",
      },
      "prim": {
        "anchor": "middle",
        "at": {
          "x": 4600,
          "y": 5156.8,
        },
        "baseline": "central",
        "size": 216,
        "t": "text",
        "value": "Bath",
        "weight": 600,
      },
    },
    {
      "layer": "labels",
      "paint": {
        "fill": "#7a7a7a",
      },
      "prim": {
        "anchor": "middle",
        "at": {
          "x": 4600,
          "y": 5394.4,
        },
        "baseline": "central",
        "size": 158.39999999999998,
        "t": "text",
        "value": "4.8 m²",
      },
    },
    {
      "layer": "doors",
      "paint": {
        "fill": "none",
      },
      "prim": {
        "pts": [
          {
            "x": 3500,
            "y": 5900,
          },
          {
            "x": 2500,
            "y": 5900,
          },
          {
            "x": 2500,
            "y": 6100,
          },
          {
            "x": 3500,
            "y": 6100,
          },
        ],
        "t": "polygon",
      },
    },
    {
      "layer": "doors",
      "paint": {
        "stroke": "#555555",
        "width": 14.976000000000003,
      },
      "prim": {
        "a": {
          "x": 3500,
          "y": 6000,
        },
        "b": {
          "x": 3500,
          "y": 5000,
        },
        "t": "line",
      },
    },
    {
      "layer": "doors",
      "paint": {
        "dash": [
          46.080000000000005,
          34.56,
        ],
        "fill": "none",
        "stroke": "#555555",
        "width": 11.520000000000001,
      },
      "prim": {
        "center": {
          "x": 3500,
          "y": 6000,
        },
        "end": {
          "x": 2500,
          "y": 6000,
        },
        "r": 1000,
        "start": {
          "x": 3500,
          "y": 5000,
        },
        "sweep": 0,
        "t": "arc",
      },
    },
    {
      "layer": "openings",
      "paint": {
        "fill": "none",
      },
      "prim": {
        "pts": [
          {
            "x": 3950,
            "y": 3250,
          },
          {
            "x": 3950,
            "y": 4150,
          },
          {
            "x": 4050,
            "y": 4150,
          },
          {
            "x": 4050,
            "y": 3250,
          },
        ],
        "t": "polygon",
      },
    },
    {
      "layer": "doors",
      "paint": {
        "fill": "none",
      },
      "prim": {
        "pts": [
          {
            "x": 6000,
            "y": 3050,
          },
          {
            "x": 6800,
            "y": 3050,
          },
          {
            "x": 6800,
            "y": 2950,
          },
          {
            "x": 6000,
            "y": 2950,
          },
        ],
        "t": "polygon",
      },
    },
    {
      "layer": "doors",
      "paint": {
        "stroke": "#555555",
        "width": 14.976000000000003,
      },
      "prim": {
        "a": {
          "x": 6800,
          "y": 3000,
        },
        "b": {
          "x": 6800,
          "y": 2200,
        },
        "t": "line",
      },
    },
    {
      "layer": "doors",
      "paint": {
        "dash": [
          46.080000000000005,
          34.56,
        ],
        "fill": "none",
        "stroke": "#555555",
        "width": 11.520000000000001,
      },
      "prim": {
        "center": {
          "x": 6800,
          "y": 3000,
        },
        "end": {
          "x": 6000,
          "y": 3000,
        },
        "r": 800,
        "start": {
          "x": 6800,
          "y": 2200,
        },
        "sweep": 0,
        "t": "arc",
      },
    },
    {
      "layer": "doors",
      "paint": {
        "fill": "none",
      },
      "prim": {
        "pts": [
          {
            "x": 4200,
            "y": 4450,
          },
          {
            "x": 5000,
            "y": 4450,
          },
          {
            "x": 5000,
            "y": 4350,
          },
          {
            "x": 4200,
            "y": 4350,
          },
        ],
        "t": "polygon",
      },
    },
    {
      "layer": "doors",
      "paint": {
        "stroke": "#555555",
        "width": 14.976000000000003,
      },
      "prim": {
        "a": {
          "x": 4200,
          "y": 4400,
        },
        "b": {
          "x": 4200,
          "y": 3600,
        },
        "t": "line",
      },
    },
    {
      "layer": "doors",
      "paint": {
        "dash": [
          46.080000000000005,
          34.56,
        ],
        "fill": "none",
        "stroke": "#555555",
        "width": 11.520000000000001,
      },
      "prim": {
        "center": {
          "x": 4200,
          "y": 4400,
        },
        "end": {
          "x": 5000,
          "y": 4400,
        },
        "r": 800,
        "start": {
          "x": 4200,
          "y": 3600,
        },
        "sweep": 1,
        "t": "arc",
      },
    },
    {
      "layer": "windows",
      "paint": {
        "fill": "#ffffff",
      },
      "prim": {
        "pts": [
          {
            "x": 120.16,
            "y": 2750,
          },
          {
            "x": 120.16,
            "y": 1250,
          },
          {
            "x": -120.16,
            "y": 1250,
          },
          {
            "x": -120.16,
            "y": 2750,
          },
        ],
        "t": "polygon",
      },
    },
    {
      "layer": "windows",
      "paint": {
        "stroke": "#1b1b1b",
        "width": 11.520000000000001,
      },
      "prim": {
        "a": {
          "x": 100,
          "y": 2750,
        },
        "b": {
          "x": 100,
          "y": 1250,
        },
        "t": "line",
      },
    },
    {
      "layer": "windows",
      "paint": {
        "stroke": "#1b1b1b",
        "width": 11.520000000000001,
      },
      "prim": {
        "a": {
          "x": -100,
          "y": 2750,
        },
        "b": {
          "x": -100,
          "y": 1250,
        },
        "t": "line",
      },
    },
    {
      "layer": "windows",
      "paint": {
        "stroke": "#3a6ea5",
        "width": 11.520000000000001,
      },
      "prim": {
        "a": {
          "x": 0,
          "y": 2750,
        },
        "b": {
          "x": 0,
          "y": 1250,
        },
        "t": "line",
      },
    },
    {
      "layer": "windows",
      "paint": {
        "fill": "#ffffff",
      },
      "prim": {
        "pts": [
          {
            "x": 6879.84,
            "y": 900,
          },
          {
            "x": 6879.84,
            "y": 2100,
          },
          {
            "x": 7120.16,
            "y": 2100,
          },
          {
            "x": 7120.16,
            "y": 900,
          },
        ],
        "t": "polygon",
      },
    },
    {
      "layer": "windows",
      "paint": {
        "stroke": "#1b1b1b",
        "width": 11.520000000000001,
      },
      "prim": {
        "a": {
          "x": 6900,
          "y": 900,
        },
        "b": {
          "x": 6900,
          "y": 2100,
        },
        "t": "line",
      },
    },
    {
      "layer": "windows",
      "paint": {
        "stroke": "#1b1b1b",
        "width": 11.520000000000001,
      },
      "prim": {
        "a": {
          "x": 7100,
          "y": 900,
        },
        "b": {
          "x": 7100,
          "y": 2100,
        },
        "t": "line",
      },
    },
    {
      "layer": "windows",
      "paint": {
        "stroke": "#3a6ea5",
        "width": 11.520000000000001,
      },
      "prim": {
        "a": {
          "x": 7000,
          "y": 900,
        },
        "b": {
          "x": 7000,
          "y": 2100,
        },
        "t": "line",
      },
    },
    {
      "layer": "windows",
      "paint": {
        "fill": "#ffffff",
      },
      "prim": {
        "pts": [
          {
            "x": 6879.84,
            "y": 4850,
          },
          {
            "x": 6879.84,
            "y": 5550,
          },
          {
            "x": 7120.16,
            "y": 5550,
          },
          {
            "x": 7120.16,
            "y": 4850,
          },
        ],
        "t": "polygon",
      },
    },
    {
      "layer": "windows",
      "paint": {
        "stroke": "#1b1b1b",
        "width": 11.520000000000001,
      },
      "prim": {
        "a": {
          "x": 6900,
          "y": 4850,
        },
        "b": {
          "x": 6900,
          "y": 5550,
        },
        "t": "line",
      },
    },
    {
      "layer": "windows",
      "paint": {
        "stroke": "#1b1b1b",
        "width": 11.520000000000001,
      },
      "prim": {
        "a": {
          "x": 7100,
          "y": 4850,
        },
        "b": {
          "x": 7100,
          "y": 5550,
        },
        "t": "line",
      },
    },
    {
      "layer": "windows",
      "paint": {
        "stroke": "#3a6ea5",
        "width": 11.520000000000001,
      },
      "prim": {
        "a": {
          "x": 7000,
          "y": 4850,
        },
        "b": {
          "x": 7000,
          "y": 5550,
        },
        "t": "line",
      },
    },
    {
      "layer": "furniture",
      "lineWeight": "thin",
      "paint": {
        "fill": "#f4f2ee",
        "stroke": "#a8a29a",
        "width": 11.520000000000001,
      },
      "prim": {
        "pts": [
          {
            "x": 300,
            "y": 250,
          },
          {
            "x": 1100,
            "y": 250,
          },
          {
            "x": 1100,
            "y": 850,
          },
          {
            "x": 300,
            "y": 850,
          },
        ],
        "t": "polygon",
      },
    },
    {
      "layer": "furniture",
      "lineWeight": "thin",
      "paint": {
        "fill": "#ffffff",
        "stroke": "#a8a29a",
        "width": 11.520000000000001,
      },
      "prim": {
        "pts": [
          {
            "x": 636.08,
            "y": 406,
          },
          {
            "x": 644.4684208374429,
            "y": 407.6685606473526,
          },
          {
            "x": 651.5797806436092,
            "y": 412.4202193563909,
          },
          {
            "x": 656.3314393526474,
            "y": 419.53157916255725,
          },
          {
            "x": 658,
            "y": 427.92,
          },
          {
            "x": 658,
            "y": 744.08,
          },
          {
            "x": 656.3314393526474,
            "y": 752.4684208374429,
          },
          {
            "x": 651.5797806436092,
            "y": 759.5797806436092,
          },
          {
            "x": 644.4684208374429,
            "y": 764.3314393526474,
          },
          {
            "x": 636.08,
            "y": 766,
          },
          {
            "x": 405.92,
            "y": 766,
          },
          {
            "x": 397.53157916255725,
            "y": 764.3314393526474,
          },
          {
            "x": 390.4202193563909,
            "y": 759.5797806436092,
          },
          {
            "x": 385.6685606473526,
            "y": 752.4684208374429,
          },
          {
            "x": 384,
            "y": 744.08,
          },
          {
            "x": 384,
            "y": 427.92,
          },
          {
            "x": 385.6685606473526,
            "y": 419.53157916255725,
          },
          {
            "x": 390.4202193563909,
            "y": 412.4202193563909,
          },
          {
            "x": 397.53157916255725,
            "y": 407.6685606473526,
          },
          {
            "x": 405.92,
            "y": 406,
          },
        ],
        "t": "polygon",
      },
    },
    {
      "layer": "furniture",
      "lineWeight": "extraThin",
      "paint": {
        "fill": "#f4f2ee",
        "stroke": "#a8a29a",
        "width": 6.336000000000001,
      },
      "prim": {
        "center": {
          "x": 521,
          "y": 586,
        },
        "r": 32.879999999999995,
        "t": "circle",
      },
    },
    {
      "layer": "furniture",
      "lineWeight": "thin",
      "paint": {
        "fill": "#ffffff",
        "stroke": "#a8a29a",
        "width": 11.520000000000001,
      },
      "prim": {
        "pts": [
          {
            "x": 994.08,
            "y": 406,
          },
          {
            "x": 1002.4684208374429,
            "y": 407.6685606473526,
          },
          {
            "x": 1009.5797806436092,
            "y": 412.4202193563909,
          },
          {
            "x": 1014.3314393526474,
            "y": 419.53157916255725,
          },
          {
            "x": 1016,
            "y": 427.92,
          },
          {
            "x": 1016,
            "y": 744.08,
          },
          {
            "x": 1014.3314393526474,
            "y": 752.4684208374429,
          },
          {
            "x": 1009.5797806436092,
            "y": 759.5797806436092,
          },
          {
            "x": 1002.4684208374429,
            "y": 764.3314393526474,
          },
          {
            "x": 994.08,
            "y": 766,
          },
          {
            "x": 763.92,
            "y": 766,
          },
          {
            "x": 755.5315791625571,
            "y": 764.3314393526474,
          },
          {
            "x": 748.4202193563908,
            "y": 759.5797806436092,
          },
          {
            "x": 743.6685606473526,
            "y": 752.4684208374429,
          },
          {
            "x": 742,
            "y": 744.08,
          },
          {
            "x": 742,
            "y": 427.92,
          },
          {
            "x": 743.6685606473526,
            "y": 419.53157916255725,
          },
          {
            "x": 748.4202193563908,
            "y": 412.4202193563909,
          },
          {
            "x": 755.5315791625571,
            "y": 407.6685606473526,
          },
          {
            "x": 763.92,
            "y": 406,
          },
        ],
        "t": "polygon",
      },
    },
    {
      "layer": "furniture",
      "lineWeight": "extraThin",
      "paint": {
        "fill": "#f4f2ee",
        "stroke": "#a8a29a",
        "width": 6.336000000000001,
      },
      "prim": {
        "center": {
          "x": 879,
          "y": 586,
        },
        "r": 32.879999999999995,
        "t": "circle",
      },
    },
    {
      "layer": "furniture",
      "lineWeight": "thin",
      "paint": {
        "fill": "#a8a29a",
        "stroke": "#a8a29a",
        "width": 11.520000000000001,
      },
      "prim": {
        "center": {
          "x": 700,
          "y": 286,
        },
        "r": 18,
        "t": "circle",
      },
    },
    {
      "layer": "furniture",
      "lineWeight": "extraThin",
      "paint": {
        "stroke": "#a8a29a",
        "width": 6.336000000000001,
      },
      "prim": {
        "a": {
          "x": 700,
          "y": 286,
        },
        "b": {
          "x": 700,
          "y": 418,
        },
        "t": "line",
      },
    },
    {
      "layer": "furniture",
      "lineWeight": "thin",
      "paint": {
        "fill": "#f4f2ee",
        "stroke": "#a8a29a",
        "width": 11.520000000000001,
      },
      "prim": {
        "pts": [
          {
            "x": 1200,
            "y": 250,
          },
          {
            "x": 1800,
            "y": 250,
          },
          {
            "x": 1800,
            "y": 850,
          },
          {
            "x": 1200,
            "y": 850,
          },
        ],
        "t": "polygon",
      },
    },
    {
      "layer": "furniture",
      "lineWeight": "extraThin",
      "paint": {
        "stroke": "#a8a29a",
        "width": 6.336000000000001,
      },
      "prim": {
        "a": {
          "x": 1200,
          "y": 742,
        },
        "b": {
          "x": 1800,
          "y": 742,
        },
        "t": "line",
      },
    },
    {
      "layer": "furniture",
      "lineWeight": "thin",
      "paint": {
        "fill": "#f4f2ee",
        "stroke": "#a8a29a",
        "width": 11.520000000000001,
      },
      "prim": {
        "pts": [
          {
            "x": 1950,
            "y": 250,
          },
          {
            "x": 2550,
            "y": 250,
          },
          {
            "x": 2550,
            "y": 850,
          },
          {
            "x": 1950,
            "y": 850,
          },
        ],
        "t": "polygon",
      },
    },
    {
      "layer": "furniture",
      "lineWeight": "thin",
      "paint": {
        "fill": "none",
        "stroke": "#a8a29a",
        "width": 11.520000000000001,
      },
      "prim": {
        "center": {
          "x": 2130,
          "y": 430,
        },
        "r": 96,
        "t": "circle",
      },
    },
    {
      "layer": "furniture",
      "lineWeight": "extraThin",
      "paint": {
        "fill": "none",
        "stroke": "#a8a29a",
        "width": 6.336000000000001,
      },
      "prim": {
        "center": {
          "x": 2130,
          "y": 430,
        },
        "r": 57.599999999999994,
        "t": "circle",
      },
    },
    {
      "layer": "furniture",
      "lineWeight": "thin",
      "paint": {
        "fill": "none",
        "stroke": "#a8a29a",
        "width": 11.520000000000001,
      },
      "prim": {
        "center": {
          "x": 2130,
          "y": 670,
        },
        "r": 96,
        "t": "circle",
      },
    },
    {
      "layer": "furniture",
      "lineWeight": "extraThin",
      "paint": {
        "fill": "none",
        "stroke": "#a8a29a",
        "width": 6.336000000000001,
      },
      "prim": {
        "center": {
          "x": 2130,
          "y": 670,
        },
        "r": 57.599999999999994,
        "t": "circle",
      },
    },
    {
      "layer": "furniture",
      "lineWeight": "thin",
      "paint": {
        "fill": "none",
        "stroke": "#a8a29a",
        "width": 11.520000000000001,
      },
      "prim": {
        "center": {
          "x": 2370,
          "y": 430,
        },
        "r": 96,
        "t": "circle",
      },
    },
    {
      "layer": "furniture",
      "lineWeight": "extraThin",
      "paint": {
        "fill": "none",
        "stroke": "#a8a29a",
        "width": 6.336000000000001,
      },
      "prim": {
        "center": {
          "x": 2370,
          "y": 430,
        },
        "r": 57.599999999999994,
        "t": "circle",
      },
    },
    {
      "layer": "furniture",
      "lineWeight": "thin",
      "paint": {
        "fill": "none",
        "stroke": "#a8a29a",
        "width": 11.520000000000001,
      },
      "prim": {
        "center": {
          "x": 2370,
          "y": 670,
        },
        "r": 96,
        "t": "circle",
      },
    },
    {
      "layer": "furniture",
      "lineWeight": "extraThin",
      "paint": {
        "fill": "none",
        "stroke": "#a8a29a",
        "width": 6.336000000000001,
      },
      "prim": {
        "center": {
          "x": 2370,
          "y": 670,
        },
        "r": 57.599999999999994,
        "t": "circle",
      },
    },
    {
      "layer": "furniture",
      "lineWeight": "extraThin",
      "paint": {
        "stroke": "#a8a29a",
        "width": 6.336000000000001,
      },
      "prim": {
        "a": {
          "x": 1950,
          "y": 802,
        },
        "b": {
          "x": 2550,
          "y": 802,
        },
        "t": "line",
      },
    },
    {
      "layer": "furniture",
      "lineWeight": "thin",
      "paint": {
        "fill": "#f4f2ee",
        "stroke": "#a8a29a",
        "width": 11.520000000000001,
      },
      "prim": {
        "pts": [
          {
            "x": 2700,
            "y": 250,
          },
          {
            "x": 3300,
            "y": 250,
          },
          {
            "x": 3300,
            "y": 900,
          },
          {
            "x": 2700,
            "y": 900,
          },
        ],
        "t": "polygon",
      },
    },
    {
      "layer": "furniture",
      "lineWeight": "extraThin",
      "paint": {
        "fill": "none",
        "stroke": "#a8a29a",
        "width": 6.336000000000001,
      },
      "prim": {
        "pts": [
          {
            "x": 2730,
            "y": 280,
          },
          {
            "x": 3270,
            "y": 280,
          },
          {
            "x": 3270,
            "y": 870,
          },
          {
            "x": 2730,
            "y": 870,
          },
        ],
        "t": "polygon",
      },
    },
    {
      "layer": "furniture",
      "lineWeight": "thin",
      "paint": {
        "stroke": "#a8a29a",
        "width": 11.520000000000001,
      },
      "prim": {
        "a": {
          "x": 2700,
          "y": 484,
        },
        "b": {
          "x": 3300,
          "y": 484,
        },
        "t": "line",
      },
    },
    {
      "layer": "furniture",
      "lineWeight": "thin",
      "paint": {
        "stroke": "#a8a29a",
        "width": 11.520000000000001,
      },
      "prim": {
        "a": {
          "x": 3216,
          "y": 328,
        },
        "b": {
          "x": 3216,
          "y": 432,
        },
        "t": "line",
      },
    },
    {
      "layer": "furniture",
      "lineWeight": "thin",
      "paint": {
        "fill": "#f4f2ee",
        "stroke": "#a8a29a",
        "width": 11.520000000000001,
      },
      "prim": {
        "pts": [
          {
            "x": 2260,
            "y": 4300,
          },
          {
            "x": 2294.441508912858,
            "y": 4306.8508420739845,
          },
          {
            "x": 2323.639610306789,
            "y": 4326.360389693211,
          },
          {
            "x": 2343.149157926016,
            "y": 4355.558491087142,
          },
          {
            "x": 2350,
            "y": 4390,
          },
          {
            "x": 2350,
            "y": 5110,
          },
          {
            "x": 2343.149157926016,
            "y": 5144.441508912858,
          },
          {
            "x": 2323.639610306789,
            "y": 5173.639610306789,
          },
          {
            "x": 2294.441508912858,
            "y": 5193.1491579260155,
          },
          {
            "x": 2260,
            "y": 5200,
          },
          {
            "x": 440,
            "y": 5200,
          },
          {
            "x": 405.55849108714193,
            "y": 5193.1491579260155,
          },
          {
            "x": 376.3603896932107,
            "y": 5173.639610306789,
          },
          {
            "x": 356.8508420739842,
            "y": 5144.441508912858,
          },
          {
            "x": 350,
            "y": 5110,
          },
          {
            "x": 350,
            "y": 4390,
          },
          {
            "x": 356.85084207398415,
            "y": 4355.558491087142,
          },
          {
            "x": 376.3603896932107,
            "y": 4326.360389693211,
          },
          {
            "x": 405.5584910871419,
            "y": 4306.8508420739845,
          },
          {
            "x": 440,
            "y": 4300,
          },
        ],
        "t": "polygon",
      },
    },
    {
      "layer": "furniture",
      "lineWeight": "thin",
      "paint": {
        "fill": "#f4f2ee",
        "stroke": "#a8a29a",
        "width": 11.520000000000001,
      },
      "prim": {
        "pts": [
          {
            "x": 350,
            "y": 4390,
          },
          {
            "x": 590,
            "y": 4390,
          },
          {
            "x": 590,
            "y": 5200,
          },
          {
            "x": 350,
            "y": 5200,
          },
        ],
        "t": "polygon",
      },
    },
    {
      "layer": "furniture",
      "lineWeight": "thin",
      "paint": {
        "fill": "#f4f2ee",
        "stroke": "#a8a29a",
        "width": 11.520000000000001,
      },
      "prim": {
        "pts": [
          {
            "x": 2110,
            "y": 4390,
          },
          {
            "x": 2350,
            "y": 4390,
          },
          {
            "x": 2350,
            "y": 5200,
          },
          {
            "x": 2110,
            "y": 5200,
          },
        ],
        "t": "polygon",
      },
    },
    {
      "layer": "furniture",
      "lineWeight": "extraThin",
      "paint": {
        "stroke": "#a8a29a",
        "width": 6.336000000000001,
      },
      "prim": {
        "a": {
          "x": 350,
          "y": 4462,
        },
        "b": {
          "x": 2350,
          "y": 4462,
        },
        "t": "line",
      },
    },
    {
      "layer": "furniture",
      "lineWeight": "extraThin",
      "paint": {
        "stroke": "#a8a29a",
        "width": 6.336000000000001,
      },
      "prim": {
        "a": {
          "x": 1096.6666666666667,
          "y": 4462,
        },
        "b": {
          "x": 1096.6666666666667,
          "y": 5110,
        },
        "t": "line",
      },
    },
    {
      "layer": "furniture",
      "lineWeight": "extraThin",
      "paint": {
        "stroke": "#a8a29a",
        "width": 6.336000000000001,
      },
      "prim": {
        "a": {
          "x": 1603.3333333333335,
          "y": 4462,
        },
        "b": {
          "x": 1603.3333333333335,
          "y": 5110,
        },
        "t": "line",
      },
    },
    {
      "layer": "furniture",
      "lineWeight": "extraThin",
      "paint": {
        "stroke": "#a8a29a",
        "width": 6.336000000000001,
      },
      "prim": {
        "a": {
          "x": 590,
          "y": 5110,
        },
        "b": {
          "x": 2110,
          "y": 5110,
        },
        "t": "line",
      },
    },
    {
      "layer": "furniture",
      "lineWeight": "thin",
      "paint": {
        "fill": "#f4f2ee",
        "stroke": "#a8a29a",
        "width": 11.520000000000001,
      },
      "prim": {
        "pts": [
          {
            "x": 4300,
            "y": 300,
          },
          {
            "x": 5800,
            "y": 300,
          },
          {
            "x": 5800,
            "y": 2300,
          },
          {
            "x": 4300,
            "y": 2300,
          },
        ],
        "t": "polygon",
      },
    },
    {
      "layer": "furniture",
      "lineWeight": "thin",
      "paint": {
        "fill": "#f4f2ee",
        "stroke": "#a8a29a",
        "width": 11.520000000000001,
      },
      "prim": {
        "pts": [
          {
            "x": 4300,
            "y": 300,
          },
          {
            "x": 5800,
            "y": 300,
          },
          {
            "x": 5800,
            "y": 420,
          },
          {
            "x": 4300,
            "y": 420,
          },
        ],
        "t": "polygon",
      },
    },
    {
      "layer": "furniture",
      "lineWeight": "thin",
      "paint": {
        "fill": "#ffffff",
        "stroke": "#a8a29a",
        "width": 11.520000000000001,
      },
      "prim": {
        "pts": [
          {
            "x": 4907,
            "y": 480,
          },
          {
            "x": 4944.5029763717785,
            "y": 487.4598058138939,
          },
          {
            "x": 4976.2964645562815,
            "y": 508.70353544371835,
          },
          {
            "x": 4997.540194186106,
            "y": 540.4970236282212,
          },
          {
            "x": 5005,
            "y": 578,
          },
          {
            "x": 5005,
            "y": 662,
          },
          {
            "x": 4997.540194186106,
            "y": 699.5029763717788,
          },
          {
            "x": 4976.2964645562815,
            "y": 731.2964645562816,
          },
          {
            "x": 4944.5029763717785,
            "y": 752.5401941861061,
          },
          {
            "x": 4907,
            "y": 760,
          },
          {
            "x": 4533,
            "y": 760,
          },
          {
            "x": 4495.4970236282215,
            "y": 752.5401941861061,
          },
          {
            "x": 4463.7035354437185,
            "y": 731.2964645562816,
          },
          {
            "x": 4442.459805813894,
            "y": 699.5029763717788,
          },
          {
            "x": 4435,
            "y": 662,
          },
          {
            "x": 4435,
            "y": 578,
          },
          {
            "x": 4442.459805813894,
            "y": 540.4970236282212,
          },
          {
            "x": 4463.7035354437185,
            "y": 508.70353544371835,
          },
          {
            "x": 4495.4970236282215,
            "y": 487.4598058138939,
          },
          {
            "x": 4533,
            "y": 480,
          },
        ],
        "t": "polygon",
      },
    },
    {
      "layer": "furniture",
      "lineWeight": "thin",
      "paint": {
        "fill": "#ffffff",
        "stroke": "#a8a29a",
        "width": 11.520000000000001,
      },
      "prim": {
        "pts": [
          {
            "x": 5567,
            "y": 480,
          },
          {
            "x": 5604.5029763717785,
            "y": 487.4598058138939,
          },
          {
            "x": 5636.2964645562815,
            "y": 508.70353544371835,
          },
          {
            "x": 5657.540194186106,
            "y": 540.4970236282212,
          },
          {
            "x": 5665,
            "y": 578,
          },
          {
            "x": 5665,
            "y": 662,
          },
          {
            "x": 5657.540194186106,
            "y": 699.5029763717788,
          },
          {
            "x": 5636.2964645562815,
            "y": 731.2964645562816,
          },
          {
            "x": 5604.5029763717785,
            "y": 752.5401941861061,
          },
          {
            "x": 5567,
            "y": 760,
          },
          {
            "x": 5193,
            "y": 760,
          },
          {
            "x": 5155.4970236282215,
            "y": 752.5401941861061,
          },
          {
            "x": 5123.7035354437185,
            "y": 731.2964645562816,
          },
          {
            "x": 5102.459805813894,
            "y": 699.5029763717788,
          },
          {
            "x": 5095,
            "y": 662,
          },
          {
            "x": 5095,
            "y": 578,
          },
          {
            "x": 5102.459805813894,
            "y": 540.4970236282212,
          },
          {
            "x": 5123.7035354437185,
            "y": 508.70353544371835,
          },
          {
            "x": 5155.4970236282215,
            "y": 487.4598058138939,
          },
          {
            "x": 5193,
            "y": 480,
          },
        ],
        "t": "polygon",
      },
    },
    {
      "layer": "furniture",
      "lineWeight": "extraThin",
      "paint": {
        "stroke": "#a8a29a",
        "width": 6.336000000000001,
      },
      "prim": {
        "a": {
          "x": 4300,
          "y": 940,
        },
        "b": {
          "x": 5800,
          "y": 940,
        },
        "t": "line",
      },
    },
    {
      "layer": "furniture",
      "lineWeight": "extraThin",
      "paint": {
        "stroke": "#a8a29a",
        "width": 6.336000000000001,
      },
      "prim": {
        "a": {
          "x": 4300,
          "y": 1020,
        },
        "b": {
          "x": 5800,
          "y": 1020,
        },
        "t": "line",
      },
    },
    {
      "layer": "furniture",
      "lineWeight": "extraThin",
      "paint": {
        "stroke": "#a8a29a",
        "width": 6.336000000000001,
      },
      "prim": {
        "a": {
          "x": 5800,
          "y": 940,
        },
        "b": {
          "x": 5470,
          "y": 1020,
        },
        "t": "line",
      },
    },
    {
      "layer": "furniture",
      "lineWeight": "thin",
      "paint": {
        "fill": "#ffffff",
        "stroke": "#a8a29a",
        "width": 11.520000000000001,
      },
      "prim": {
        "pts": [
          {
            "x": 6000,
            "y": 5000,
          },
          {
            "x": 6900,
            "y": 5000,
          },
          {
            "x": 6900,
            "y": 5900,
          },
          {
            "x": 6000,
            "y": 5900,
          },
        ],
        "t": "polygon",
      },
    },
    {
      "layer": "furniture",
      "lineWeight": "extraThin",
      "paint": {
        "fill": "#ffffff",
        "stroke": "#a8a29a",
        "width": 6.336000000000001,
      },
      "prim": {
        "pts": [
          {
            "x": 6072,
            "y": 5072,
          },
          {
            "x": 6828,
            "y": 5072,
          },
          {
            "x": 6828,
            "y": 5828,
          },
          {
            "x": 6072,
            "y": 5828,
          },
        ],
        "t": "polygon",
      },
    },
    {
      "layer": "furniture",
      "lineWeight": "extraThin",
      "paint": {
        "stroke": "#a8a29a",
        "width": 6.336000000000001,
      },
      "prim": {
        "a": {
          "x": 6072,
          "y": 5072,
        },
        "b": {
          "x": 6828,
          "y": 5828,
        },
        "t": "line",
      },
    },
    {
      "layer": "furniture",
      "lineWeight": "extraThin",
      "paint": {
        "stroke": "#a8a29a",
        "width": 6.336000000000001,
      },
      "prim": {
        "a": {
          "x": 6828,
          "y": 5072,
        },
        "b": {
          "x": 6072,
          "y": 5828,
        },
        "t": "line",
      },
    },
    {
      "layer": "furniture",
      "lineWeight": "thin",
      "paint": {
        "fill": "none",
        "stroke": "#a8a29a",
        "width": 11.520000000000001,
      },
      "prim": {
        "center": {
          "x": 6450,
          "y": 5450,
        },
        "r": 45,
        "t": "circle",
      },
    },
    {
      "layer": "furniture",
      "lineWeight": "extraThin",
      "paint": {
        "fill": "#a8a29a",
        "stroke": "#a8a29a",
        "width": 6.336000000000001,
      },
      "prim": {
        "center": {
          "x": 6450,
          "y": 5450,
        },
        "r": 16.2,
        "t": "circle",
      },
    },
    {
      "layer": "furniture",
      "lineWeight": "thin",
      "paint": {
        "fill": "#f4f2ee",
        "stroke": "#a8a29a",
        "width": 11.520000000000001,
      },
      "prim": {
        "pts": [
          {
            "x": 5200,
            "y": 4450,
          },
          {
            "x": 5800,
            "y": 4450,
          },
          {
            "x": 5800,
            "y": 4900,
          },
          {
            "x": 5200,
            "y": 4900,
          },
        ],
        "t": "polygon",
      },
    },
    {
      "layer": "furniture",
      "lineWeight": "thin",
      "paint": {
        "fill": "#ffffff",
        "stroke": "#a8a29a",
        "width": 11.520000000000001,
      },
      "prim": {
        "pts": [
          {
            "x": 5704,
            "y": 4702,
          },
          {
            "x": 5697.04886856297,
            "y": 4739.269942494763,
          },
          {
            "x": 5676.669182372026,
            "y": 4774,
          },
          {
            "x": 5644.2497833620555,
            "y": 4803.823376490863,
          },
          {
            "x": 5602,
            "y": 4826.707658144959,
          },
          {
            "x": 5552.799085200914,
            "y": 4841.093318985626,
          },
          {
            "x": 5500,
            "y": 4846,
          },
          {
            "x": 5447.200914799086,
            "y": 4841.093318985626,
          },
          {
            "x": 5398,
            "y": 4826.707658144959,
          },
          {
            "x": 5355.7502166379445,
            "y": 4803.823376490863,
          },
          {
            "x": 5323.330817627974,
            "y": 4774,
          },
          {
            "x": 5302.95113143703,
            "y": 4739.269942494763,
          },
          {
            "x": 5296,
            "y": 4702,
          },
          {
            "x": 5302.95113143703,
            "y": 4664.730057505237,
          },
          {
            "x": 5323.330817627974,
            "y": 4630,
          },
          {
            "x": 5355.7502166379445,
            "y": 4600.176623509137,
          },
          {
            "x": 5398,
            "y": 4577.292341855041,
          },
          {
            "x": 5447.200914799086,
            "y": 4562.906681014374,
          },
          {
            "x": 5500,
            "y": 4558,
          },
          {
            "x": 5552.799085200914,
            "y": 4562.906681014374,
          },
          {
            "x": 5602,
            "y": 4577.292341855041,
          },
          {
            "x": 5644.2497833620555,
            "y": 4600.176623509137,
          },
          {
            "x": 5676.669182372026,
            "y": 4630,
          },
          {
            "x": 5697.04886856297,
            "y": 4664.730057505237,
          },
        ],
        "t": "polygon",
      },
    },
    {
      "layer": "furniture",
      "lineWeight": "extraThin",
      "paint": {
        "fill": "#ffffff",
        "stroke": "#a8a29a",
        "width": 6.336000000000001,
      },
      "prim": {
        "pts": [
          {
            "x": 5663.2,
            "y": 4702,
          },
          {
            "x": 5657.639094850376,
            "y": 4731.815953995811,
          },
          {
            "x": 5641.335345897621,
            "y": 4759.6,
          },
          {
            "x": 5615.399826689644,
            "y": 4783.458701192691,
          },
          {
            "x": 5581.6,
            "y": 4801.766126515968,
          },
          {
            "x": 5542.239268160732,
            "y": 4813.274655188501,
          },
          {
            "x": 5500,
            "y": 4817.2,
          },
          {
            "x": 5457.760731839268,
            "y": 4813.274655188501,
          },
          {
            "x": 5418.4,
            "y": 4801.766126515968,
          },
          {
            "x": 5384.600173310356,
            "y": 4783.458701192691,
          },
          {
            "x": 5358.664654102379,
            "y": 4759.6,
          },
          {
            "x": 5342.360905149624,
            "y": 4731.815953995811,
          },
          {
            "x": 5336.8,
            "y": 4702,
          },
          {
            "x": 5342.360905149624,
            "y": 4672.184046004189,
          },
          {
            "x": 5358.664654102379,
            "y": 4644.4,
          },
          {
            "x": 5384.600173310356,
            "y": 4620.541298807309,
          },
          {
            "x": 5418.4,
            "y": 4602.233873484032,
          },
          {
            "x": 5457.760731839268,
            "y": 4590.725344811499,
          },
          {
            "x": 5500,
            "y": 4586.8,
          },
          {
            "x": 5542.239268160732,
            "y": 4590.725344811499,
          },
          {
            "x": 5581.6,
            "y": 4602.233873484032,
          },
          {
            "x": 5615.399826689644,
            "y": 4620.541298807309,
          },
          {
            "x": 5641.335345897621,
            "y": 4644.4,
          },
          {
            "x": 5657.639094850376,
            "y": 4672.184046004189,
          },
        ],
        "t": "polygon",
      },
    },
    {
      "layer": "furniture",
      "lineWeight": "thin",
      "paint": {
        "fill": "#f4f2ee",
        "stroke": "#a8a29a",
        "width": 11.520000000000001,
      },
      "prim": {
        "pts": [
          {
            "x": 5470,
            "y": 4463.5,
          },
          {
            "x": 5530,
            "y": 4463.5,
          },
          {
            "x": 5530,
            "y": 4508.5,
          },
          {
            "x": 5470,
            "y": 4508.5,
          },
        ],
        "t": "polygon",
      },
    },
    {
      "layer": "furniture",
      "lineWeight": "extraThin",
      "paint": {
        "stroke": "#a8a29a",
        "width": 6.336000000000001,
      },
      "prim": {
        "a": {
          "x": 5500,
          "y": 4508.5,
        },
        "b": {
          "x": 5500,
          "y": 4644.4,
        },
        "t": "line",
      },
    },
    {
      "layer": "furniture",
      "lineWeight": "thin",
      "paint": {
        "fill": "#f4f2ee",
        "stroke": "#a8a29a",
        "width": 11.520000000000001,
      },
      "prim": {
        "pts": [
          {
            "x": 5700,
            "y": 5900,
          },
          {
            "x": 5300,
            "y": 5900,
          },
          {
            "x": 5300,
            "y": 5746,
          },
          {
            "x": 5700,
            "y": 5746,
          },
        ],
        "t": "polygon",
      },
    },
    {
      "layer": "furniture",
      "lineWeight": "extraThin",
      "paint": {
        "stroke": "#a8a29a",
        "width": 6.336000000000001,
      },
      "prim": {
        "a": {
          "x": 5676,
          "y": 5853.8,
        },
        "b": {
          "x": 5324,
          "y": 5853.8,
        },
        "t": "line",
      },
    },
    {
      "layer": "furniture",
      "lineWeight": "thin",
      "paint": {
        "fill": "#ffffff",
        "stroke": "#a8a29a",
        "width": 11.520000000000001,
      },
      "prim": {
        "pts": [
          {
            "x": 5340,
            "y": 5462.08,
          },
          {
            "x": 5345.451867793749,
            "y": 5397.07500863205,
          },
          {
            "x": 5361.43593539449,
            "y": 5336.5,
          },
          {
            "x": 5386.862915010152,
            "y": 5284.483060837187,
          },
          {
            "x": 5420,
            "y": 5244.5690595855,
          },
          {
            "x": 5458.588952783597,
            "y": 5219.478069469237,
          },
          {
            "x": 5500,
            "y": 5210.92,
          },
          {
            "x": 5541.411047216403,
            "y": 5219.478069469237,
          },
          {
            "x": 5580,
            "y": 5244.5690595855,
          },
          {
            "x": 5613.137084989848,
            "y": 5284.483060837187,
          },
          {
            "x": 5638.56406460551,
            "y": 5336.5,
          },
          {
            "x": 5654.548132206251,
            "y": 5397.07500863205,
          },
          {
            "x": 5660,
            "y": 5462.08,
          },
          {
            "x": 5654.548132206251,
            "y": 5527.0849913679485,
          },
          {
            "x": 5638.56406460551,
            "y": 5587.66,
          },
          {
            "x": 5613.137084989848,
            "y": 5639.676939162813,
          },
          {
            "x": 5580,
            "y": 5679.5909404144995,
          },
          {
            "x": 5541.411047216403,
            "y": 5704.681930530763,
          },
          {
            "x": 5500,
            "y": 5713.24,
          },
          {
            "x": 5458.588952783597,
            "y": 5704.681930530763,
          },
          {
            "x": 5420,
            "y": 5679.5909404144995,
          },
          {
            "x": 5386.862915010152,
            "y": 5639.676939162813,
          },
          {
            "x": 5361.43593539449,
            "y": 5587.66,
          },
          {
            "x": 5345.451867793749,
            "y": 5527.084991367949,
          },
        ],
        "t": "polygon",
      },
    },
    {
      "layer": "furniture",
      "lineWeight": "extraThin",
      "paint": {
        "fill": "#ffffff",
        "stroke": "#a8a29a",
        "width": 6.336000000000001,
      },
      "prim": {
        "pts": [
          {
            "x": 5375.2,
            "y": 5462.08,
          },
          {
            "x": 5379.452456879124,
            "y": 5411.376106733,
          },
          {
            "x": 5391.920029607702,
            "y": 5364.1276,
          },
          {
            "x": 5411.753073707919,
            "y": 5323.554387453006,
          },
          {
            "x": 5437.6,
            "y": 5292.4214664766905,
          },
          {
            "x": 5467.699383171205,
            "y": 5272.850494186006,
          },
          {
            "x": 5500,
            "y": 5266.1752,
          },
          {
            "x": 5532.300616828795,
            "y": 5272.850494186006,
          },
          {
            "x": 5562.4,
            "y": 5292.4214664766905,
          },
          {
            "x": 5588.246926292081,
            "y": 5323.554387453006,
          },
          {
            "x": 5608.079970392298,
            "y": 5364.1276,
          },
          {
            "x": 5620.547543120876,
            "y": 5411.376106733,
          },
          {
            "x": 5624.8,
            "y": 5462.08,
          },
          {
            "x": 5620.547543120876,
            "y": 5512.783893267,
          },
          {
            "x": 5608.079970392298,
            "y": 5560.0324,
          },
          {
            "x": 5588.246926292081,
            "y": 5600.605612546994,
          },
          {
            "x": 5562.4,
            "y": 5631.738533523309,
          },
          {
            "x": 5532.300616828795,
            "y": 5651.309505813994,
          },
          {
            "x": 5500,
            "y": 5657.9848,
          },
          {
            "x": 5467.699383171205,
            "y": 5651.309505813994,
          },
          {
            "x": 5437.6,
            "y": 5631.738533523309,
          },
          {
            "x": 5411.753073707919,
            "y": 5600.605612546994,
          },
          {
            "x": 5391.920029607702,
            "y": 5560.0324,
          },
          {
            "x": 5379.452456879124,
            "y": 5512.783893267,
          },
        ],
        "t": "polygon",
      },
    },
    {
      "layer": "furniture",
      "lineWeight": "thin",
      "paint": {
        "fill": "#a8a29a",
        "stroke": "#a8a29a",
        "width": 11.520000000000001,
      },
      "prim": {
        "center": {
          "x": 5500,
          "y": 5823,
        },
        "r": 20,
        "t": "circle",
      },
    },
    {
      "layer": "dims",
      "paint": {
        "stroke": "#0E5484",
        "width": 8.064,
      },
      "prim": {
        "a": {
          "x": 4000,
          "y": -100,
        },
        "b": {
          "x": 4000,
          "y": -350,
        },
        "t": "line",
      },
    },
    {
      "layer": "dims",
      "paint": {
        "stroke": "#0E5484",
        "width": 8.064,
      },
      "prim": {
        "a": {
          "x": 0,
          "y": -100,
        },
        "b": {
          "x": 0,
          "y": -350,
        },
        "t": "line",
      },
    },
    {
      "layer": "dims",
      "paint": {
        "stroke": "#0E5484",
        "width": 11.520000000000001,
      },
      "prim": {
        "a": {
          "x": 4000,
          "y": -350,
        },
        "b": {
          "x": 0,
          "y": -350,
        },
        "t": "line",
      },
    },
    {
      "layer": "dims",
      "paint": {
        "stroke": "#0E5484",
        "width": 11.520000000000001,
      },
      "prim": {
        "a": {
          "x": 3938.905974105482,
          "y": -411.0940258945177,
        },
        "b": {
          "x": 4061.094025894518,
          "y": -288.9059741054823,
        },
        "t": "line",
      },
    },
    {
      "layer": "dims",
      "paint": {
        "stroke": "#0E5484",
        "width": 11.520000000000001,
      },
      "prim": {
        "a": {
          "x": -61.094025894517706,
          "y": -411.0940258945177,
        },
        "b": {
          "x": 61.094025894517706,
          "y": -288.9059741054823,
        },
        "t": "line",
      },
    },
    {
      "layer": "dims",
      "paint": {
        "fill": "#0E5484",
      },
      "prim": {
        "anchor": "middle",
        "at": {
          "x": 2000,
          "y": -450.8,
        },
        "baseline": "central",
        "rotate": 0,
        "size": 144,
        "t": "text",
        "value": "4000",
      },
    },
    {
      "layer": "dims",
      "paint": {
        "stroke": "#0E5484",
        "width": 8.064,
      },
      "prim": {
        "a": {
          "x": 7000,
          "y": -100,
        },
        "b": {
          "x": 7000,
          "y": -350,
        },
        "t": "line",
      },
    },
    {
      "layer": "dims",
      "paint": {
        "stroke": "#0E5484",
        "width": 8.064,
      },
      "prim": {
        "a": {
          "x": 4000,
          "y": -100,
        },
        "b": {
          "x": 4000,
          "y": -350,
        },
        "t": "line",
      },
    },
    {
      "layer": "dims",
      "paint": {
        "stroke": "#0E5484",
        "width": 11.520000000000001,
      },
      "prim": {
        "a": {
          "x": 7000,
          "y": -350,
        },
        "b": {
          "x": 4000,
          "y": -350,
        },
        "t": "line",
      },
    },
    {
      "layer": "dims",
      "paint": {
        "stroke": "#0E5484",
        "width": 11.520000000000001,
      },
      "prim": {
        "a": {
          "x": 6938.9059741054825,
          "y": -411.0940258945177,
        },
        "b": {
          "x": 7061.0940258945175,
          "y": -288.9059741054823,
        },
        "t": "line",
      },
    },
    {
      "layer": "dims",
      "paint": {
        "stroke": "#0E5484",
        "width": 11.520000000000001,
      },
      "prim": {
        "a": {
          "x": 3938.905974105482,
          "y": -411.0940258945177,
        },
        "b": {
          "x": 4061.094025894518,
          "y": -288.9059741054823,
        },
        "t": "line",
      },
    },
    {
      "layer": "dims",
      "paint": {
        "fill": "#0E5484",
      },
      "prim": {
        "anchor": "middle",
        "at": {
          "x": 5500,
          "y": -450.8,
        },
        "baseline": "central",
        "rotate": 0,
        "size": 144,
        "t": "text",
        "value": "3000",
      },
    },
    {
      "layer": "dims",
      "paint": {
        "stroke": "#0E5484",
        "width": 8.064,
      },
      "prim": {
        "a": {
          "x": 0,
          "y": 6100,
        },
        "b": {
          "x": 0,
          "y": 6600,
        },
        "t": "line",
      },
    },
    {
      "layer": "dims",
      "paint": {
        "stroke": "#0E5484",
        "width": 8.064,
      },
      "prim": {
        "a": {
          "x": 7000,
          "y": 6100,
        },
        "b": {
          "x": 7000,
          "y": 6600,
        },
        "t": "line",
      },
    },
    {
      "layer": "dims",
      "paint": {
        "stroke": "#0E5484",
        "width": 11.520000000000001,
      },
      "prim": {
        "a": {
          "x": 0,
          "y": 6600,
        },
        "b": {
          "x": 7000,
          "y": 6600,
        },
        "t": "line",
      },
    },
    {
      "layer": "dims",
      "paint": {
        "stroke": "#0E5484",
        "width": 11.520000000000001,
      },
      "prim": {
        "a": {
          "x": 61.094025894517706,
          "y": 6661.0940258945175,
        },
        "b": {
          "x": -61.094025894517706,
          "y": 6538.9059741054825,
        },
        "t": "line",
      },
    },
    {
      "layer": "dims",
      "paint": {
        "stroke": "#0E5484",
        "width": 11.520000000000001,
      },
      "prim": {
        "a": {
          "x": 7061.0940258945175,
          "y": 6661.0940258945175,
        },
        "b": {
          "x": 6938.9059741054825,
          "y": 6538.9059741054825,
        },
        "t": "line",
      },
    },
    {
      "layer": "dims",
      "paint": {
        "fill": "#0E5484",
      },
      "prim": {
        "anchor": "middle",
        "at": {
          "x": 3500,
          "y": 6700.8,
        },
        "baseline": "central",
        "rotate": 0,
        "size": 144,
        "t": "text",
        "value": "7000",
      },
    },
    {
      "layer": "dims",
      "paint": {
        "stroke": "#0E5484",
        "width": 8.064,
      },
      "prim": {
        "a": {
          "x": 7100,
          "y": 6000,
        },
        "b": {
          "x": 7600,
          "y": 6000,
        },
        "t": "line",
      },
    },
    {
      "layer": "dims",
      "paint": {
        "stroke": "#0E5484",
        "width": 8.064,
      },
      "prim": {
        "a": {
          "x": 7100,
          "y": 0,
        },
        "b": {
          "x": 7600,
          "y": 0,
        },
        "t": "line",
      },
    },
    {
      "layer": "dims",
      "paint": {
        "stroke": "#0E5484",
        "width": 11.520000000000001,
      },
      "prim": {
        "a": {
          "x": 7600,
          "y": 6000,
        },
        "b": {
          "x": 7600,
          "y": 0,
        },
        "t": "line",
      },
    },
    {
      "layer": "dims",
      "paint": {
        "stroke": "#0E5484",
        "width": 11.520000000000001,
      },
      "prim": {
        "a": {
          "x": 7661.0940258945175,
          "y": 5938.9059741054825,
        },
        "b": {
          "x": 7538.9059741054825,
          "y": 6061.0940258945175,
        },
        "t": "line",
      },
    },
    {
      "layer": "dims",
      "paint": {
        "stroke": "#0E5484",
        "width": 11.520000000000001,
      },
      "prim": {
        "a": {
          "x": 7661.0940258945175,
          "y": -61.094025894517706,
        },
        "b": {
          "x": 7538.9059741054825,
          "y": 61.094025894517706,
        },
        "t": "line",
      },
    },
    {
      "layer": "dims",
      "paint": {
        "fill": "#0E5484",
      },
      "prim": {
        "anchor": "middle",
        "at": {
          "x": 7700.8,
          "y": 3000,
        },
        "baseline": "central",
        "rotate": -90,
        "size": 144,
        "t": "text",
        "value": "6000",
      },
    },
    {
      "layer": "wallFill",
      "paint": {
        "fill": "url(#poche)",
        "fillRule": "nonzero",
      },
      "prim": {
        "angle": 0,
        "material": "poche",
        "region": [
          [
            {
              "x": -100,
              "y": -100,
            },
            {
              "x": 7100,
              "y": -100,
            },
            {
              "x": 7100,
              "y": 900,
            },
            {
              "x": 6900,
              "y": 900,
            },
            {
              "x": 6900,
              "y": 100,
            },
            {
              "x": 4050,
              "y": 100,
            },
            {
              "x": 4050,
              "y": 2950,
            },
            {
              "x": 6000,
              "y": 2950,
            },
            {
              "x": 6000,
              "y": 3050,
            },
            {
              "x": 4050,
              "y": 3050,
            },
            {
              "x": 4050,
              "y": 3250,
            },
            {
              "x": 3950,
              "y": 3250,
            },
            {
              "x": 3950,
              "y": 100,
            },
            {
              "x": 100,
              "y": 100,
            },
            {
              "x": 100,
              "y": 1250,
            },
            {
              "x": -100,
              "y": 1250,
            },
          ],
          [
            {
              "x": -100,
              "y": 2750,
            },
            {
              "x": 100,
              "y": 2750,
            },
            {
              "x": 100,
              "y": 5900,
            },
            {
              "x": 2500,
              "y": 5900,
            },
            {
              "x": 2500,
              "y": 6100,
            },
            {
              "x": -100,
              "y": 6100,
            },
          ],
          [
            {
              "x": 3500,
              "y": 5900,
            },
            {
              "x": 3950,
              "y": 5900,
            },
            {
              "x": 3950,
              "y": 4150,
            },
            {
              "x": 4050,
              "y": 4150,
            },
            {
              "x": 4050,
              "y": 4350,
            },
            {
              "x": 4200,
              "y": 4350,
            },
            {
              "x": 4200,
              "y": 4450,
            },
            {
              "x": 4050,
              "y": 4450,
            },
            {
              "x": 4050,
              "y": 5900,
            },
            {
              "x": 6900,
              "y": 5900,
            },
            {
              "x": 6900,
              "y": 5550,
            },
            {
              "x": 7100,
              "y": 5550,
            },
            {
              "x": 7100,
              "y": 6100,
            },
            {
              "x": 3500,
              "y": 6100,
            },
          ],
          [
            {
              "x": 5000,
              "y": 4350,
            },
            {
              "x": 6900,
              "y": 4350,
            },
            {
              "x": 6900,
              "y": 3050,
            },
            {
              "x": 6800,
              "y": 3050,
            },
            {
              "x": 6800,
              "y": 2950,
            },
            {
              "x": 6900,
              "y": 2950,
            },
            {
              "x": 6900,
              "y": 2100,
            },
            {
              "x": 7100,
              "y": 2100,
            },
            {
              "x": 7100,
              "y": 4850,
            },
            {
              "x": 6900,
              "y": 4850,
            },
            {
              "x": 6900,
              "y": 4450,
            },
            {
              "x": 5000,
              "y": 4450,
            },
          ],
        ],
        "scale": 1,
        "t": "hatch",
      },
    },
    {
      "layer": "wallFace",
      "paint": {
        "fill": "none",
        "linejoin": "miter",
        "miterLimit": 4,
        "stroke": "#1b1b1b",
        "width": 20.16,
      },
      "prim": {
        "loops": [
          [
            {
              "x": -100,
              "y": -100,
            },
            {
              "x": 7100,
              "y": -100,
            },
            {
              "x": 7100,
              "y": 900,
            },
            {
              "x": 6900,
              "y": 900,
            },
            {
              "x": 6900,
              "y": 100,
            },
            {
              "x": 4050,
              "y": 100,
            },
            {
              "x": 4050,
              "y": 2950,
            },
            {
              "x": 6000,
              "y": 2950,
            },
            {
              "x": 6000,
              "y": 3050,
            },
            {
              "x": 4050,
              "y": 3050,
            },
            {
              "x": 4050,
              "y": 3250,
            },
            {
              "x": 3950,
              "y": 3250,
            },
            {
              "x": 3950,
              "y": 100,
            },
            {
              "x": 100,
              "y": 100,
            },
            {
              "x": 100,
              "y": 1250,
            },
            {
              "x": -100,
              "y": 1250,
            },
          ],
          [
            {
              "x": -100,
              "y": 2750,
            },
            {
              "x": 100,
              "y": 2750,
            },
            {
              "x": 100,
              "y": 5900,
            },
            {
              "x": 2500,
              "y": 5900,
            },
            {
              "x": 2500,
              "y": 6100,
            },
            {
              "x": -100,
              "y": 6100,
            },
          ],
          [
            {
              "x": 3500,
              "y": 5900,
            },
            {
              "x": 3950,
              "y": 5900,
            },
            {
              "x": 3950,
              "y": 4150,
            },
            {
              "x": 4050,
              "y": 4150,
            },
            {
              "x": 4050,
              "y": 4350,
            },
            {
              "x": 4200,
              "y": 4350,
            },
            {
              "x": 4200,
              "y": 4450,
            },
            {
              "x": 4050,
              "y": 4450,
            },
            {
              "x": 4050,
              "y": 5900,
            },
            {
              "x": 6900,
              "y": 5900,
            },
            {
              "x": 6900,
              "y": 5550,
            },
            {
              "x": 7100,
              "y": 5550,
            },
            {
              "x": 7100,
              "y": 6100,
            },
            {
              "x": 3500,
              "y": 6100,
            },
          ],
          [
            {
              "x": 5000,
              "y": 4350,
            },
            {
              "x": 6900,
              "y": 4350,
            },
            {
              "x": 6900,
              "y": 3050,
            },
            {
              "x": 6800,
              "y": 3050,
            },
            {
              "x": 6800,
              "y": 2950,
            },
            {
              "x": 6900,
              "y": 2950,
            },
            {
              "x": 6900,
              "y": 2100,
            },
            {
              "x": 7100,
              "y": 2100,
            },
            {
              "x": 7100,
              "y": 4850,
            },
            {
              "x": 6900,
              "y": 4850,
            },
            {
              "x": 6900,
              "y": 4450,
            },
            {
              "x": 5000,
              "y": 4450,
            },
          ],
        ],
        "t": "region",
      },
    },
  ],
  "width": 9648,
}
`;
