// Vitest Snapshot v1, https://vitest.dev/guide/snapshot.html

exports[`Scene IR > lowers studio.arch to a golden set of positioned primitives 1`] = `
{
  "bounds": {
    "maxX": 7100,
    "maxY": 6100,
    "minX": -100,
    "minY": -100,
  },
  "hatches": [
    {
      "angle": 0,
      "material": "poche",
      "scale": 1,
    },
  ],
  "height": 10213.6,
  "nodes": [
    {
      "layer": "floor",
      "paint": {
        "fill": "#fbfaf7",
      },
      "prim": {
        "pts": [
          {
            "x": 0,
            "y": 0,
          },
          {
            "x": 4000,
            "y": 0,
          },
          {
            "x": 4000,
            "y": 6000,
          },
          {
            "x": 0,
            "y": 6000,
          },
        ],
        "t": "polygon",
      },
    },
    {
      "layer": "labels",
      "paint": {
        "fill": "#222222",
      },
      "prim": {
        "anchor": "middle",
        "at": {
          "x": 2000,
          "y": 2956.8,
        },
        "baseline": "central",
        "size": 216,
        "t": "text",
        "value": "Living / Kitchen",
        "weight": 600,
      },
    },
    {
      "layer": "labels",
      "paint": {
        "fill": "#7a7a7a",
      },
      "prim": {
        "anchor": "middle",
        "at": {
          "x": 2000,
          "y": 3194.4,
        },
        "baseline": "central",
        "size": 158.39999999999998,
        "t": "text",
        "value": "24.0 m²",
      },
    },
    {
      "layer": "floor",
      "paint": {
        "fill": "#fbfaf7",
      },
      "prim": {
        "pts": [
          {
            "x": 4000,
            "y": 0,
          },
          {
            "x": 7000,
            "y": 0,
          },
          {
            "x": 7000,
            "y": 3000,
          },
          {
            "x": 4000,
            "y": 3000,
          },
        ],
        "t": "polygon",
      },
    },
    {
      "layer": "labels",
      "paint": {
        "fill": "#222222",
      },
      "prim": {
        "anchor": "middle",
        "at": {
          "x": 5500,
          "y": 1456.8,
        },
        "baseline": "central",
        "size": 216,
        "t": "text",
        "value": "Bedroom",
        "weight": 600,
      },
    },
    {
      "layer": "labels",
      "paint": {
        "fill": "#7a7a7a",
      },
      "prim": {
        "anchor": "middle",
        "at": {
          "x": 5500,
          "y": 1694.4,
        },
        "baseline": "central",
        "size": 158.39999999999998,
        "t": "text",
        "value": "9.0 m²",
      },
    },
    {
      "layer": "floor",
      "paint": {
        "fill": "#fbfaf7",
      },
      "prim": {
        "pts": [
          {
            "x": 4000,
            "y": 3000,
          },
          {
            "x": 7000,
            "y": 3000,
          },
          {
            "x": 7000,
            "y": 4400,
          },
          {
            "x": 4000,
            "y": 4400,
          },
        ],
        "t": "polygon",
      },
    },
    {
      "layer": "labels",
      "paint": {
        "fill": "#222222",
      },
      "prim": {
        "anchor": "middle",
        "at": {
          "x": 5500,
          "y": 3656.8,
        },
        "baseline": "central",
        "size": 216,
        "t": "text",
        "value": "Hall",
        "weight": 600,
      },
    },
    {
      "layer": "labels",
      "paint": {
        "fill": "#7a7a7a",
      },
      "prim": {
        "anchor": "middle",
        "at": {
          "x": 5500,
          "y": 3894.4,
        },
        "baseline": "central",
        "size": 158.39999999999998,
        "t": "text",
        "value": "4.2 m²",
      },
    },
    {
      "layer": "floor",
      "paint": {
        "fill": "#fbfaf7",
      },
      "prim": {
        "pts": [
          {
            "x": 4000,
            "y": 4400,
          },
          {
            "x": 7000,
            "y": 4400,
          },
          {
            "x": 7000,
            "y": 6000,
          },
          {
            "x": 4000,
            "y": 6000,
          },
        ],
        "t": "polygon",
      },
    },
    {
      "layer": "labels",
      "paint": {
        "fill": "#222222",
      },
      "prim": {
        "anchor": "middle",
        "at": {
          "x": 5500,
          "y": 5156.8,
        },
        "baseline": "central",
        "size": 216,
        "t": "text",
        "value": "Bath",
        "weight": 600,
      },
    },
    {
      "layer": "labels",
      "paint": {
        "fill": "#7a7a7a",
      },
      "prim": {
        "anchor": "middle",
        "at": {
          "x": 5500,
          "y": 5394.4,
        },
        "baseline": "central",
        "size": 158.39999999999998,
        "t": "text",
        "value": "4.8 m²",
      },
    },
    {
      "layer": "doors",
      "paint": {
        "fill": "#ffffff",
      },
      "prim": {
        "pts": [
          {
            "x": 3500,
            "y": 5879.84,
          },
          {
            "x": 2500,
            "y": 5879.84,
          },
          {
            "x": 2500,
            "y": 6120.16,
          },
          {
            "x": 3500,
            "y": 6120.16,
          },
        ],
        "t": "polygon",
      },
    },
    {
      "layer": "doors",
      "paint": {
        "stroke": "#555555",
        "width": 14.976000000000003,
      },
      "prim": {
        "a": {
          "x": 3500,
          "y": 6000,
        },
        "b": {
          "x": 3500,
          "y": 5000,
        },
        "t": "line",
      },
    },
    {
      "layer": "doors",
      "paint": {
        "dash": [
          46.080000000000005,
          34.56,
        ],
        "fill": "none",
        "stroke": "#555555",
        "width": 11.520000000000001,
      },
      "prim": {
        "center": {
          "x": 3500,
          "y": 6000,
        },
        "end": {
          "x": 2500,
          "y": 6000,
        },
        "r": 1000,
        "start": {
          "x": 3500,
          "y": 5000,
        },
        "sweep": 0,
        "t": "arc",
      },
    },
    {
      "layer": "windows",
      "paint": {
        "fill": "#ffffff",
      },
      "prim": {
        "pts": [
          {
            "x": 3929.84,
            "y": 3250,
          },
          {
            "x": 3929.84,
            "y": 4150,
          },
          {
            "x": 4070.16,
            "y": 4150,
          },
          {
            "x": 4070.16,
            "y": 3250,
          },
        ],
        "t": "polygon",
      },
    },
    {
      "layer": "windows",
      "paint": {
        "stroke": "#1b1b1b",
        "width": 11.520000000000001,
      },
      "prim": {
        "a": {
          "x": 3950,
          "y": 3250,
        },
        "b": {
          "x": 3950,
          "y": 4150,
        },
        "t": "line",
      },
    },
    {
      "layer": "windows",
      "paint": {
        "stroke": "#1b1b1b",
        "width": 11.520000000000001,
      },
      "prim": {
        "a": {
          "x": 4050,
          "y": 3250,
        },
        "b": {
          "x": 4050,
          "y": 4150,
        },
        "t": "line",
      },
    },
    {
      "layer": "doors",
      "paint": {
        "fill": "#ffffff",
      },
      "prim": {
        "pts": [
          {
            "x": 6000,
            "y": 3070.16,
          },
          {
            "x": 6800,
            "y": 3070.16,
          },
          {
            "x": 6800,
            "y": 2929.84,
          },
          {
            "x": 6000,
            "y": 2929.84,
          },
        ],
        "t": "polygon",
      },
    },
    {
      "layer": "doors",
      "paint": {
        "stroke": "#555555",
        "width": 14.976000000000003,
      },
      "prim": {
        "a": {
          "x": 6800,
          "y": 3000,
        },
        "b": {
          "x": 6800,
          "y": 2200,
        },
        "t": "line",
      },
    },
    {
      "layer": "doors",
      "paint": {
        "dash": [
          46.080000000000005,
          34.56,
        ],
        "fill": "none",
        "stroke": "#555555",
        "width": 11.520000000000001,
      },
      "prim": {
        "center": {
          "x": 6800,
          "y": 3000,
        },
        "end": {
          "x": 6000,
          "y": 3000,
        },
        "r": 800,
        "start": {
          "x": 6800,
          "y": 2200,
        },
        "sweep": 0,
        "t": "arc",
      },
    },
    {
      "layer": "doors",
      "paint": {
        "fill": "#ffffff",
      },
      "prim": {
        "pts": [
          {
            "x": 4200,
            "y": 4470.16,
          },
          {
            "x": 5000,
            "y": 4470.16,
          },
          {
            "x": 5000,
            "y": 4329.84,
          },
          {
            "x": 4200,
            "y": 4329.84,
          },
        ],
        "t": "polygon",
      },
    },
    {
      "layer": "doors",
      "paint": {
        "stroke": "#555555",
        "width": 14.976000000000003,
      },
      "prim": {
        "a": {
          "x": 4200,
          "y": 4400,
        },
        "b": {
          "x": 4200,
          "y": 3600,
        },
        "t": "line",
      },
    },
    {
      "layer": "doors",
      "paint": {
        "dash": [
          46.080000000000005,
          34.56,
        ],
        "fill": "none",
        "stroke": "#555555",
        "width": 11.520000000000001,
      },
      "prim": {
        "center": {
          "x": 4200,
          "y": 4400,
        },
        "end": {
          "x": 5000,
          "y": 4400,
        },
        "r": 800,
        "start": {
          "x": 4200,
          "y": 3600,
        },
        "sweep": 1,
        "t": "arc",
      },
    },
    {
      "layer": "windows",
      "paint": {
        "fill": "#ffffff",
      },
      "prim": {
        "pts": [
          {
            "x": 120.16,
            "y": 2750,
          },
          {
            "x": 120.16,
            "y": 1250,
          },
          {
            "x": -120.16,
            "y": 1250,
          },
          {
            "x": -120.16,
            "y": 2750,
          },
        ],
        "t": "polygon",
      },
    },
    {
      "layer": "windows",
      "paint": {
        "stroke": "#1b1b1b",
        "width": 11.520000000000001,
      },
      "prim": {
        "a": {
          "x": 100,
          "y": 2750,
        },
        "b": {
          "x": 100,
          "y": 1250,
        },
        "t": "line",
      },
    },
    {
      "layer": "windows",
      "paint": {
        "stroke": "#1b1b1b",
        "width": 11.520000000000001,
      },
      "prim": {
        "a": {
          "x": -100,
          "y": 2750,
        },
        "b": {
          "x": -100,
          "y": 1250,
        },
        "t": "line",
      },
    },
    {
      "layer": "windows",
      "paint": {
        "stroke": "#3a6ea5",
        "width": 11.520000000000001,
      },
      "prim": {
        "a": {
          "x": 0,
          "y": 2750,
        },
        "b": {
          "x": 0,
          "y": 1250,
        },
        "t": "line",
      },
    },
    {
      "layer": "windows",
      "paint": {
        "fill": "#ffffff",
      },
      "prim": {
        "pts": [
          {
            "x": 6879.84,
            "y": 900,
          },
          {
            "x": 6879.84,
            "y": 2100,
          },
          {
            "x": 7120.16,
            "y": 2100,
          },
          {
            "x": 7120.16,
            "y": 900,
          },
        ],
        "t": "polygon",
      },
    },
    {
      "layer": "windows",
      "paint": {
        "stroke": "#1b1b1b",
        "width": 11.520000000000001,
      },
      "prim": {
        "a": {
          "x": 6900,
          "y": 900,
        },
        "b": {
          "x": 6900,
          "y": 2100,
        },
        "t": "line",
      },
    },
    {
      "layer": "windows",
      "paint": {
        "stroke": "#1b1b1b",
        "width": 11.520000000000001,
      },
      "prim": {
        "a": {
          "x": 7100,
          "y": 900,
        },
        "b": {
          "x": 7100,
          "y": 2100,
        },
        "t": "line",
      },
    },
    {
      "layer": "windows",
      "paint": {
        "stroke": "#3a6ea5",
        "width": 11.520000000000001,
      },
      "prim": {
        "a": {
          "x": 7000,
          "y": 900,
        },
        "b": {
          "x": 7000,
          "y": 2100,
        },
        "t": "line",
      },
    },
    {
      "layer": "windows",
      "paint": {
        "fill": "#ffffff",
      },
      "prim": {
        "pts": [
          {
            "x": 6879.84,
            "y": 4850,
          },
          {
            "x": 6879.84,
            "y": 5550,
          },
          {
            "x": 7120.16,
            "y": 5550,
          },
          {
            "x": 7120.16,
            "y": 4850,
          },
        ],
        "t": "polygon",
      },
    },
    {
      "layer": "windows",
      "paint": {
        "stroke": "#1b1b1b",
        "width": 11.520000000000001,
      },
      "prim": {
        "a": {
          "x": 6900,
          "y": 4850,
        },
        "b": {
          "x": 6900,
          "y": 5550,
        },
        "t": "line",
      },
    },
    {
      "layer": "windows",
      "paint": {
        "stroke": "#1b1b1b",
        "width": 11.520000000000001,
      },
      "prim": {
        "a": {
          "x": 7100,
          "y": 4850,
        },
        "b": {
          "x": 7100,
          "y": 5550,
        },
        "t": "line",
      },
    },
    {
      "layer": "windows",
      "paint": {
        "stroke": "#3a6ea5",
        "width": 11.520000000000001,
      },
      "prim": {
        "a": {
          "x": 7000,
          "y": 4850,
        },
        "b": {
          "x": 7000,
          "y": 5550,
        },
        "t": "line",
      },
    },
    {
      "layer": "furniture",
      "paint": {
        "fill": "#f4f2ee",
        "stroke": "#a8a29a",
        "width": 11.520000000000001,
      },
      "prim": {
        "pts": [
          {
            "x": 300,
            "y": 250,
          },
          {
            "x": 1100,
            "y": 250,
          },
          {
            "x": 1100,
            "y": 850,
          },
          {
            "x": 300,
            "y": 850,
          },
        ],
        "t": "polygon",
      },
    },
    {
      "layer": "furniture",
      "paint": {
        "fill": "#ffffff",
        "stroke": "#a8a29a",
        "width": 11.520000000000001,
      },
      "prim": {
        "pts": [
          {
            "x": 384,
            "y": 406,
          },
          {
            "x": 658,
            "y": 406,
          },
          {
            "x": 658,
            "y": 766,
          },
          {
            "x": 384,
            "y": 766,
          },
        ],
        "t": "polygon",
      },
    },
    {
      "layer": "furniture",
      "paint": {
        "fill": "#ffffff",
        "stroke": "#a8a29a",
        "width": 11.520000000000001,
      },
      "prim": {
        "pts": [
          {
            "x": 742,
            "y": 406,
          },
          {
            "x": 1016,
            "y": 406,
          },
          {
            "x": 1016,
            "y": 766,
          },
          {
            "x": 742,
            "y": 766,
          },
        ],
        "t": "polygon",
      },
    },
    {
      "layer": "furniture",
      "paint": {
        "stroke": "#a8a29a",
        "width": 11.520000000000001,
      },
      "prim": {
        "a": {
          "x": 700,
          "y": 298,
        },
        "b": {
          "x": 700,
          "y": 370,
        },
        "t": "line",
      },
    },
    {
      "layer": "furniture",
      "paint": {
        "fill": "#f4f2ee",
        "stroke": "#a8a29a",
        "width": 11.520000000000001,
      },
      "prim": {
        "pts": [
          {
            "x": 1200,
            "y": 250,
          },
          {
            "x": 1800,
            "y": 250,
          },
          {
            "x": 1800,
            "y": 850,
          },
          {
            "x": 1200,
            "y": 850,
          },
        ],
        "t": "polygon",
      },
    },
    {
      "layer": "furniture",
      "paint": {
        "stroke": "#a8a29a",
        "width": 11.520000000000001,
      },
      "prim": {
        "a": {
          "x": 1200,
          "y": 742,
        },
        "b": {
          "x": 1800,
          "y": 742,
        },
        "t": "line",
      },
    },
    {
      "layer": "furniture",
      "paint": {
        "fill": "#f4f2ee",
        "stroke": "#a8a29a",
        "width": 11.520000000000001,
      },
      "prim": {
        "pts": [
          {
            "x": 1950,
            "y": 250,
          },
          {
            "x": 2550,
            "y": 250,
          },
          {
            "x": 2550,
            "y": 850,
          },
          {
            "x": 1950,
            "y": 850,
          },
        ],
        "t": "polygon",
      },
    },
    {
      "layer": "furniture",
      "paint": {
        "fill": "#ffffff",
        "stroke": "#a8a29a",
        "width": 11.520000000000001,
      },
      "prim": {
        "pts": [
          {
            "x": 2226,
            "y": 430,
          },
          {
            "x": 2222.7288793237503,
            "y": 454.846628329842,
          },
          {
            "x": 2213.138438763306,
            "y": 478,
          },
          {
            "x": 2197.8822509939087,
            "y": 497.88225099390854,
          },
          {
            "x": 2178,
            "y": 513.1384387633061,
          },
          {
            "x": 2154.846628329842,
            "y": 522.7288793237506,
          },
          {
            "x": 2130,
            "y": 526,
          },
          {
            "x": 2105.153371670158,
            "y": 522.7288793237506,
          },
          {
            "x": 2082,
            "y": 513.1384387633061,
          },
          {
            "x": 2062.1177490060913,
            "y": 497.88225099390854,
          },
          {
            "x": 2046.861561236694,
            "y": 478,
          },
          {
            "x": 2037.2711206762494,
            "y": 454.846628329842,
          },
          {
            "x": 2034,
            "y": 430,
          },
          {
            "x": 2037.2711206762494,
            "y": 405.15337167015804,
          },
          {
            "x": 2046.861561236694,
            "y": 382,
          },
          {
            "x": 2062.1177490060913,
            "y": 362.11774900609146,
          },
          {
            "x": 2082,
            "y": 346.8615612366939,
          },
          {
            "x": 2105.153371670158,
            "y": 337.27112067624944,
          },
          {
            "x": 2130,
            "y": 334,
          },
          {
            "x": 2154.846628329842,
            "y": 337.27112067624944,
          },
          {
            "x": 2178,
            "y": 346.8615612366939,
          },
          {
            "x": 2197.8822509939087,
            "y": 362.11774900609146,
          },
          {
            "x": 2213.138438763306,
            "y": 381.99999999999994,
          },
          {
            "x": 2222.7288793237503,
            "y": 405.15337167015804,
          },
        ],
        "t": "polygon",
      },
    },
    {
      "layer": "furniture",
      "paint": {
        "fill": "#ffffff",
        "stroke": "#a8a29a",
        "width": 11.520000000000001,
      },
      "prim": {
        "pts": [
          {
            "x": 2226,
            "y": 670,
          },
          {
            "x": 2222.7288793237503,
            "y": 694.846628329842,
          },
          {
            "x": 2213.138438763306,
            "y": 718,
          },
          {
            "x": 2197.8822509939087,
            "y": 737.8822509939085,
          },
          {
            "x": 2178,
            "y": 753.1384387633061,
          },
          {
            "x": 2154.846628329842,
            "y": 762.7288793237506,
          },
          {
            "x": 2130,
            "y": 766,
          },
          {
            "x": 2105.153371670158,
            "y": 762.7288793237506,
          },
          {
            "x": 2082,
            "y": 753.1384387633061,
          },
          {
            "x": 2062.1177490060913,
            "y": 737.8822509939085,
          },
          {
            "x": 2046.861561236694,
            "y": 718,
          },
          {
            "x": 2037.2711206762494,
            "y": 694.846628329842,
          },
          {
            "x": 2034,
            "y": 670,
          },
          {
            "x": 2037.2711206762494,
            "y": 645.1533716701581,
          },
          {
            "x": 2046.861561236694,
            "y": 622,
          },
          {
            "x": 2062.1177490060913,
            "y": 602.1177490060915,
          },
          {
            "x": 2082,
            "y": 586.8615612366939,
          },
          {
            "x": 2105.153371670158,
            "y": 577.2711206762494,
          },
          {
            "x": 2130,
            "y": 574,
          },
          {
            "x": 2154.846628329842,
            "y": 577.2711206762494,
          },
          {
            "x": 2178,
            "y": 586.8615612366939,
          },
          {
            "x": 2197.8822509939087,
            "y": 602.1177490060915,
          },
          {
            "x": 2213.138438763306,
            "y": 622,
          },
          {
            "x": 2222.7288793237503,
            "y": 645.153371670158,
          },
        ],
        "t": "polygon",
      },
    },
    {
      "layer": "furniture",
      "paint": {
        "fill": "#ffffff",
        "stroke": "#a8a29a",
        "width": 11.520000000000001,
      },
      "prim": {
        "pts": [
          {
            "x": 2466,
            "y": 430,
          },
          {
            "x": 2462.7288793237503,
            "y": 454.846628329842,
          },
          {
            "x": 2453.138438763306,
            "y": 478,
          },
          {
            "x": 2437.8822509939087,
            "y": 497.88225099390854,
          },
          {
            "x": 2418,
            "y": 513.1384387633061,
          },
          {
            "x": 2394.846628329842,
            "y": 522.7288793237506,
          },
          {
            "x": 2370,
            "y": 526,
          },
          {
            "x": 2345.153371670158,
            "y": 522.7288793237506,
          },
          {
            "x": 2322,
            "y": 513.1384387633061,
          },
          {
            "x": 2302.1177490060913,
            "y": 497.88225099390854,
          },
          {
            "x": 2286.861561236694,
            "y": 478,
          },
          {
            "x": 2277.2711206762497,
            "y": 454.846628329842,
          },
          {
            "x": 2274,
            "y": 430,
          },
          {
            "x": 2277.2711206762497,
            "y": 405.15337167015804,
          },
          {
            "x": 2286.861561236694,
            "y": 382,
          },
          {
            "x": 2302.1177490060913,
            "y": 362.11774900609146,
          },
          {
            "x": 2322,
            "y": 346.8615612366939,
          },
          {
            "x": 2345.153371670158,
            "y": 337.27112067624944,
          },
          {
            "x": 2370,
            "y": 334,
          },
          {
            "x": 2394.846628329842,
            "y": 337.27112067624944,
          },
          {
            "x": 2418,
            "y": 346.8615612366939,
          },
          {
            "x": 2437.8822509939087,
            "y": 362.11774900609146,
          },
          {
            "x": 2453.138438763306,
            "y": 381.99999999999994,
          },
          {
            "x": 2462.7288793237503,
            "y": 405.15337167015804,
          },
        ],
        "t": "polygon",
      },
    },
    {
      "layer": "furniture",
      "paint": {
        "fill": "#ffffff",
        "stroke": "#a8a29a",
        "width": 11.520000000000001,
      },
      "prim": {
        "pts": [
          {
            "x": 2466,
            "y": 670,
          },
          {
            "x": 2462.7288793237503,
            "y": 694.846628329842,
          },
          {
            "x": 2453.138438763306,
            "y": 718,
          },
          {
            "x": 2437.8822509939087,
            "y": 737.8822509939085,
          },
          {
            "x": 2418,
            "y": 753.1384387633061,
          },
          {
            "x": 2394.846628329842,
            "y": 762.7288793237506,
          },
          {
            "x": 2370,
            "y": 766,
          },
          {
            "x": 2345.153371670158,
            "y": 762.7288793237506,
          },
          {
            "x": 2322,
            "y": 753.1384387633061,
          },
          {
            "x": 2302.1177490060913,
            "y": 737.8822509939085,
          },
          {
            "x": 2286.861561236694,
            "y": 718,
          },
          {
            "x": 2277.2711206762497,
            "y": 694.846628329842,
          },
          {
            "x": 2274,
            "y": 670,
          },
          {
            "x": 2277.2711206762497,
            "y": 645.1533716701581,
          },
          {
            "x": 2286.861561236694,
            "y": 622,
          },
          {
            "x": 2302.1177490060913,
            "y": 602.1177490060915,
          },
          {
            "x": 2322,
            "y": 586.8615612366939,
          },
          {
            "x": 2345.153371670158,
            "y": 577.2711206762494,
          },
          {
            "x": 2370,
            "y": 574,
          },
          {
            "x": 2394.846628329842,
            "y": 577.2711206762494,
          },
          {
            "x": 2418,
            "y": 586.8615612366939,
          },
          {
            "x": 2437.8822509939087,
            "y": 602.1177490060915,
          },
          {
            "x": 2453.138438763306,
            "y": 622,
          },
          {
            "x": 2462.7288793237503,
            "y": 645.153371670158,
          },
        ],
        "t": "polygon",
      },
    },
    {
      "layer": "furniture",
      "paint": {
        "fill": "#f4f2ee",
        "stroke": "#a8a29a",
        "width": 11.520000000000001,
      },
      "prim": {
        "pts": [
          {
            "x": 2700,
            "y": 250,
          },
          {
            "x": 3300,
            "y": 250,
          },
          {
            "x": 3300,
            "y": 900,
          },
          {
            "x": 2700,
            "y": 900,
          },
        ],
        "t": "polygon",
      },
    },
    {
      "layer": "furniture",
      "paint": {
        "stroke": "#a8a29a",
        "width": 11.520000000000001,
      },
      "prim": {
        "a": {
          "x": 2700,
          "y": 484,
        },
        "b": {
          "x": 3300,
          "y": 484,
        },
        "t": "line",
      },
    },
    {
      "layer": "furniture",
      "paint": {
        "stroke": "#a8a29a",
        "width": 11.520000000000001,
      },
      "prim": {
        "a": {
          "x": 3216,
          "y": 328,
        },
        "b": {
          "x": 3216,
          "y": 432,
        },
        "t": "line",
      },
    },
    {
      "layer": "furniture",
      "paint": {
        "fill": "#f4f2ee",
        "stroke": "#a8a29a",
        "width": 11.520000000000001,
      },
      "prim": {
        "pts": [
          {
            "x": 350,
            "y": 4300,
          },
          {
            "x": 2350,
            "y": 4300,
          },
          {
            "x": 2350,
            "y": 5200,
          },
          {
            "x": 350,
            "y": 5200,
          },
        ],
        "t": "polygon",
      },
    },
    {
      "layer": "furniture",
      "paint": {
        "fill": "#9a948c",
      },
      "prim": {
        "anchor": "middle",
        "at": {
          "x": 1350,
          "y": 4750,
        },
        "baseline": "central",
        "size": 122.4,
        "t": "text",
        "value": "Sofa",
      },
    },
    {
      "layer": "furniture",
      "paint": {
        "fill": "#f4f2ee",
        "stroke": "#a8a29a",
        "width": 11.520000000000001,
      },
      "prim": {
        "pts": [
          {
            "x": 4300,
            "y": 300,
          },
          {
            "x": 5800,
            "y": 300,
          },
          {
            "x": 5800,
            "y": 2300,
          },
          {
            "x": 4300,
            "y": 2300,
          },
        ],
        "t": "polygon",
      },
    },
    {
      "layer": "furniture",
      "paint": {
        "fill": "#9a948c",
      },
      "prim": {
        "anchor": "middle",
        "at": {
          "x": 5050,
          "y": 1300,
        },
        "baseline": "central",
        "size": 122.4,
        "t": "text",
        "value": "Bed",
      },
    },
    {
      "layer": "furniture",
      "paint": {
        "fill": "#ffffff",
        "stroke": "#a8a29a",
        "width": 11.520000000000001,
      },
      "prim": {
        "pts": [
          {
            "x": 6000,
            "y": 5000,
          },
          {
            "x": 6900,
            "y": 5000,
          },
          {
            "x": 6900,
            "y": 5900,
          },
          {
            "x": 6000,
            "y": 5900,
          },
        ],
        "t": "polygon",
      },
    },
    {
      "layer": "furniture",
      "paint": {
        "stroke": "#a8a29a",
        "width": 11.520000000000001,
      },
      "prim": {
        "a": {
          "x": 6000,
          "y": 5000,
        },
        "b": {
          "x": 6900,
          "y": 5900,
        },
        "t": "line",
      },
    },
    {
      "layer": "furniture",
      "paint": {
        "stroke": "#a8a29a",
        "width": 11.520000000000001,
      },
      "prim": {
        "a": {
          "x": 6900,
          "y": 5000,
        },
        "b": {
          "x": 6000,
          "y": 5900,
        },
        "t": "line",
      },
    },
    {
      "layer": "furniture",
      "paint": {
        "fill": "#f4f2ee",
        "stroke": "#a8a29a",
        "width": 11.520000000000001,
      },
      "prim": {
        "pts": [
          {
            "x": 6522,
            "y": 5450,
          },
          {
            "x": 6519.546659492813,
            "y": 5468.634971247381,
          },
          {
            "x": 6512.353829072479,
            "y": 5486,
          },
          {
            "x": 6500.911688245432,
            "y": 5500.911688245432,
          },
          {
            "x": 6486,
            "y": 5512.353829072479,
          },
          {
            "x": 6468.634971247381,
            "y": 5519.546659492813,
          },
          {
            "x": 6450,
            "y": 5522,
          },
          {
            "x": 6431.365028752619,
            "y": 5519.546659492813,
          },
          {
            "x": 6414,
            "y": 5512.353829072479,
          },
          {
            "x": 6399.088311754568,
            "y": 5500.911688245432,
          },
          {
            "x": 6387.646170927521,
            "y": 5486,
          },
          {
            "x": 6380.453340507187,
            "y": 5468.634971247381,
          },
          {
            "x": 6378,
            "y": 5450,
          },
          {
            "x": 6380.453340507187,
            "y": 5431.365028752619,
          },
          {
            "x": 6387.646170927521,
            "y": 5414,
          },
          {
            "x": 6399.088311754568,
            "y": 5399.088311754568,
          },
          {
            "x": 6414,
            "y": 5387.646170927521,
          },
          {
            "x": 6431.365028752619,
            "y": 5380.453340507187,
          },
          {
            "x": 6450,
            "y": 5378,
          },
          {
            "x": 6468.634971247381,
            "y": 5380.453340507187,
          },
          {
            "x": 6486,
            "y": 5387.646170927521,
          },
          {
            "x": 6500.911688245432,
            "y": 5399.088311754568,
          },
          {
            "x": 6512.353829072479,
            "y": 5414,
          },
          {
            "x": 6519.546659492813,
            "y": 5431.365028752619,
          },
        ],
        "t": "polygon",
      },
    },
    {
      "layer": "furniture",
      "paint": {
        "fill": "#f4f2ee",
        "stroke": "#a8a29a",
        "width": 11.520000000000001,
      },
      "prim": {
        "pts": [
          {
            "x": 5200,
            "y": 4450,
          },
          {
            "x": 5800,
            "y": 4450,
          },
          {
            "x": 5800,
            "y": 4900,
          },
          {
            "x": 5200,
            "y": 4900,
          },
        ],
        "t": "polygon",
      },
    },
    {
      "layer": "furniture",
      "paint": {
        "fill": "#ffffff",
        "stroke": "#a8a29a",
        "width": 11.520000000000001,
      },
      "prim": {
        "pts": [
          {
            "x": 5704,
            "y": 4702,
          },
          {
            "x": 5697.04886856297,
            "y": 4739.269942494763,
          },
          {
            "x": 5676.669182372026,
            "y": 4774,
          },
          {
            "x": 5644.2497833620555,
            "y": 4803.823376490863,
          },
          {
            "x": 5602,
            "y": 4826.707658144959,
          },
          {
            "x": 5552.799085200914,
            "y": 4841.093318985626,
          },
          {
            "x": 5500,
            "y": 4846,
          },
          {
            "x": 5447.200914799086,
            "y": 4841.093318985626,
          },
          {
            "x": 5398,
            "y": 4826.707658144959,
          },
          {
            "x": 5355.7502166379445,
            "y": 4803.823376490863,
          },
          {
            "x": 5323.330817627974,
            "y": 4774,
          },
          {
            "x": 5302.95113143703,
            "y": 4739.269942494763,
          },
          {
            "x": 5296,
            "y": 4702,
          },
          {
            "x": 5302.95113143703,
            "y": 4664.730057505237,
          },
          {
            "x": 5323.330817627974,
            "y": 4630,
          },
          {
            "x": 5355.7502166379445,
            "y": 4600.176623509137,
          },
          {
            "x": 5398,
            "y": 4577.292341855041,
          },
          {
            "x": 5447.200914799086,
            "y": 4562.906681014374,
          },
          {
            "x": 5500,
            "y": 4558,
          },
          {
            "x": 5552.799085200914,
            "y": 4562.906681014374,
          },
          {
            "x": 5602,
            "y": 4577.292341855041,
          },
          {
            "x": 5644.2497833620555,
            "y": 4600.176623509137,
          },
          {
            "x": 5676.669182372026,
            "y": 4630,
          },
          {
            "x": 5697.04886856297,
            "y": 4664.730057505237,
          },
        ],
        "t": "polygon",
      },
    },
    {
      "layer": "furniture",
      "paint": {
        "stroke": "#a8a29a",
        "width": 11.520000000000001,
      },
      "prim": {
        "a": {
          "x": 5500,
          "y": 4495,
        },
        "b": {
          "x": 5500,
          "y": 4558,
        },
        "t": "line",
      },
    },
    {
      "layer": "furniture",
      "paint": {
        "fill": "#f4f2ee",
        "stroke": "#a8a29a",
        "width": 11.520000000000001,
      },
      "prim": {
        "pts": [
          {
            "x": 5200,
            "y": 5200,
          },
          {
            "x": 5600,
            "y": 5200,
          },
          {
            "x": 5600,
            "y": 5354,
          },
          {
            "x": 5200,
            "y": 5354,
          },
        ],
        "t": "polygon",
      },
    },
    {
      "layer": "furniture",
      "paint": {
        "fill": "#ffffff",
        "stroke": "#a8a29a",
        "width": 11.520000000000001,
      },
      "prim": {
        "pts": [
          {
            "x": 5560,
            "y": 5637.92,
          },
          {
            "x": 5554.548132206251,
            "y": 5702.92499136795,
          },
          {
            "x": 5538.56406460551,
            "y": 5763.5,
          },
          {
            "x": 5513.137084989848,
            "y": 5815.516939162813,
          },
          {
            "x": 5480,
            "y": 5855.4309404145,
          },
          {
            "x": 5441.411047216403,
            "y": 5880.521930530763,
          },
          {
            "x": 5400,
            "y": 5889.08,
          },
          {
            "x": 5358.588952783597,
            "y": 5880.521930530763,
          },
          {
            "x": 5320,
            "y": 5855.4309404145,
          },
          {
            "x": 5286.862915010152,
            "y": 5815.516939162813,
          },
          {
            "x": 5261.43593539449,
            "y": 5763.5,
          },
          {
            "x": 5245.451867793749,
            "y": 5702.92499136795,
          },
          {
            "x": 5240,
            "y": 5637.92,
          },
          {
            "x": 5245.451867793749,
            "y": 5572.9150086320515,
          },
          {
            "x": 5261.43593539449,
            "y": 5512.34,
          },
          {
            "x": 5286.862915010152,
            "y": 5460.323060837187,
          },
          {
            "x": 5320,
            "y": 5420.4090595855005,
          },
          {
            "x": 5358.588952783597,
            "y": 5395.318069469237,
          },
          {
            "x": 5400,
            "y": 5386.76,
          },
          {
            "x": 5441.411047216403,
            "y": 5395.318069469237,
          },
          {
            "x": 5480,
            "y": 5420.4090595855005,
          },
          {
            "x": 5513.137084989848,
            "y": 5460.323060837187,
          },
          {
            "x": 5538.56406460551,
            "y": 5512.34,
          },
          {
            "x": 5554.548132206251,
            "y": 5572.915008632051,
          },
        ],
        "t": "polygon",
      },
    },
    {
      "layer": "dims",
      "paint": {
        "stroke": "#0E5484",
        "width": 8.064,
      },
      "prim": {
        "a": {
          "x": 4000,
          "y": -100,
        },
        "b": {
          "x": 4000,
          "y": -350,
        },
        "t": "line",
      },
    },
    {
      "layer": "dims",
      "paint": {
        "stroke": "#0E5484",
        "width": 8.064,
      },
      "prim": {
        "a": {
          "x": 0,
          "y": -100,
        },
        "b": {
          "x": 0,
          "y": -350,
        },
        "t": "line",
      },
    },
    {
      "layer": "dims",
      "paint": {
        "stroke": "#0E5484",
        "width": 11.520000000000001,
      },
      "prim": {
        "a": {
          "x": 4000,
          "y": -350,
        },
        "b": {
          "x": 0,
          "y": -350,
        },
        "t": "line",
      },
    },
    {
      "layer": "dims",
      "paint": {
        "stroke": "#0E5484",
        "width": 11.520000000000001,
      },
      "prim": {
        "a": {
          "x": 3938.905974105482,
          "y": -411.0940258945177,
        },
        "b": {
          "x": 4061.094025894518,
          "y": -288.9059741054823,
        },
        "t": "line",
      },
    },
    {
      "layer": "dims",
      "paint": {
        "stroke": "#0E5484",
        "width": 11.520000000000001,
      },
      "prim": {
        "a": {
          "x": -61.094025894517706,
          "y": -411.0940258945177,
        },
        "b": {
          "x": 61.094025894517706,
          "y": -288.9059741054823,
        },
        "t": "line",
      },
    },
    {
      "layer": "dims",
      "paint": {
        "fill": "#0E5484",
      },
      "prim": {
        "anchor": "middle",
        "at": {
          "x": 2000,
          "y": -450.8,
        },
        "baseline": "central",
        "rotate": 0,
        "size": 144,
        "t": "text",
        "value": "4000",
      },
    },
    {
      "layer": "dims",
      "paint": {
        "stroke": "#0E5484",
        "width": 8.064,
      },
      "prim": {
        "a": {
          "x": 7000,
          "y": -100,
        },
        "b": {
          "x": 7000,
          "y": -350,
        },
        "t": "line",
      },
    },
    {
      "layer": "dims",
      "paint": {
        "stroke": "#0E5484",
        "width": 8.064,
      },
      "prim": {
        "a": {
          "x": 4000,
          "y": -100,
        },
        "b": {
          "x": 4000,
          "y": -350,
        },
        "t": "line",
      },
    },
    {
      "layer": "dims",
      "paint": {
        "stroke": "#0E5484",
        "width": 11.520000000000001,
      },
      "prim": {
        "a": {
          "x": 7000,
          "y": -350,
        },
        "b": {
          "x": 4000,
          "y": -350,
        },
        "t": "line",
      },
    },
    {
      "layer": "dims",
      "paint": {
        "stroke": "#0E5484",
        "width": 11.520000000000001,
      },
      "prim": {
        "a": {
          "x": 6938.9059741054825,
          "y": -411.0940258945177,
        },
        "b": {
          "x": 7061.0940258945175,
          "y": -288.9059741054823,
        },
        "t": "line",
      },
    },
    {
      "layer": "dims",
      "paint": {
        "stroke": "#0E5484",
        "width": 11.520000000000001,
      },
      "prim": {
        "a": {
          "x": 3938.905974105482,
          "y": -411.0940258945177,
        },
        "b": {
          "x": 4061.094025894518,
          "y": -288.9059741054823,
        },
        "t": "line",
      },
    },
    {
      "layer": "dims",
      "paint": {
        "fill": "#0E5484",
      },
      "prim": {
        "anchor": "middle",
        "at": {
          "x": 5500,
          "y": -450.8,
        },
        "baseline": "central",
        "rotate": 0,
        "size": 144,
        "t": "text",
        "value": "3000",
      },
    },
    {
      "layer": "dims",
      "paint": {
        "stroke": "#0E5484",
        "width": 8.064,
      },
      "prim": {
        "a": {
          "x": 0,
          "y": 6100,
        },
        "b": {
          "x": 0,
          "y": 6600,
        },
        "t": "line",
      },
    },
    {
      "layer": "dims",
      "paint": {
        "stroke": "#0E5484",
        "width": 8.064,
      },
      "prim": {
        "a": {
          "x": 7000,
          "y": 6100,
        },
        "b": {
          "x": 7000,
          "y": 6600,
        },
        "t": "line",
      },
    },
    {
      "layer": "dims",
      "paint": {
        "stroke": "#0E5484",
        "width": 11.520000000000001,
      },
      "prim": {
        "a": {
          "x": 0,
          "y": 6600,
        },
        "b": {
          "x": 7000,
          "y": 6600,
        },
        "t": "line",
      },
    },
    {
      "layer": "dims",
      "paint": {
        "stroke": "#0E5484",
        "width": 11.520000000000001,
      },
      "prim": {
        "a": {
          "x": 61.094025894517706,
          "y": 6661.0940258945175,
        },
        "b": {
          "x": -61.094025894517706,
          "y": 6538.9059741054825,
        },
        "t": "line",
      },
    },
    {
      "layer": "dims",
      "paint": {
        "stroke": "#0E5484",
        "width": 11.520000000000001,
      },
      "prim": {
        "a": {
          "x": 7061.0940258945175,
          "y": 6661.0940258945175,
        },
        "b": {
          "x": 6938.9059741054825,
          "y": 6538.9059741054825,
        },
        "t": "line",
      },
    },
    {
      "layer": "dims",
      "paint": {
        "fill": "#0E5484",
      },
      "prim": {
        "anchor": "middle",
        "at": {
          "x": 3500,
          "y": 6700.8,
        },
        "baseline": "central",
        "rotate": 0,
        "size": 144,
        "t": "text",
        "value": "7000",
      },
    },
    {
      "layer": "dims",
      "paint": {
        "stroke": "#0E5484",
        "width": 8.064,
      },
      "prim": {
        "a": {
          "x": 7100,
          "y": 6000,
        },
        "b": {
          "x": 7600,
          "y": 6000,
        },
        "t": "line",
      },
    },
    {
      "layer": "dims",
      "paint": {
        "stroke": "#0E5484",
        "width": 8.064,
      },
      "prim": {
        "a": {
          "x": 7100,
          "y": 0,
        },
        "b": {
          "x": 7600,
          "y": 0,
        },
        "t": "line",
      },
    },
    {
      "layer": "dims",
      "paint": {
        "stroke": "#0E5484",
        "width": 11.520000000000001,
      },
      "prim": {
        "a": {
          "x": 7600,
          "y": 6000,
        },
        "b": {
          "x": 7600,
          "y": 0,
        },
        "t": "line",
      },
    },
    {
      "layer": "dims",
      "paint": {
        "stroke": "#0E5484",
        "width": 11.520000000000001,
      },
      "prim": {
        "a": {
          "x": 7661.0940258945175,
          "y": 5938.9059741054825,
        },
        "b": {
          "x": 7538.9059741054825,
          "y": 6061.0940258945175,
        },
        "t": "line",
      },
    },
    {
      "layer": "dims",
      "paint": {
        "stroke": "#0E5484",
        "width": 11.520000000000001,
      },
      "prim": {
        "a": {
          "x": 7661.0940258945175,
          "y": -61.094025894517706,
        },
        "b": {
          "x": 7538.9059741054825,
          "y": 61.094025894517706,
        },
        "t": "line",
      },
    },
    {
      "layer": "dims",
      "paint": {
        "fill": "#0E5484",
      },
      "prim": {
        "anchor": "middle",
        "at": {
          "x": 7700.8,
          "y": 3000,
        },
        "baseline": "central",
        "rotate": -90,
        "size": 144,
        "t": "text",
        "value": "6000",
      },
    },
    {
      "layer": "wallFill",
      "paint": {
        "fill": "url(#poche)",
        "fillRule": "nonzero",
      },
      "prim": {
        "angle": 0,
        "material": "poche",
        "region": [
          [
            {
              "x": -100,
              "y": -100,
            },
            {
              "x": -100,
              "y": 1250,
            },
            {
              "x": 100,
              "y": 1250,
            },
            {
              "x": 100,
              "y": 100,
            },
            {
              "x": 3950,
              "y": 100,
            },
            {
              "x": 3950,
              "y": 3250,
            },
            {
              "x": 4050,
              "y": 3250,
            },
            {
              "x": 4050,
              "y": 3050,
            },
            {
              "x": 6000,
              "y": 3050,
            },
            {
              "x": 6000,
              "y": 2950,
            },
            {
              "x": 4050,
              "y": 2950,
            },
            {
              "x": 4050,
              "y": 100,
            },
            {
              "x": 6900,
              "y": 100,
            },
            {
              "x": 6900,
              "y": 900,
            },
            {
              "x": 7100,
              "y": 900,
            },
            {
              "x": 7100,
              "y": -100,
            },
          ],
          [
            {
              "x": 100,
              "y": 2750,
            },
            {
              "x": -100,
              "y": 2750,
            },
            {
              "x": -100,
              "y": 6100,
            },
            {
              "x": 2500,
              "y": 6100,
            },
            {
              "x": 2500,
              "y": 5900,
            },
            {
              "x": 100,
              "y": 5900,
            },
          ],
          [
            {
              "x": 3950,
              "y": 5900,
            },
            {
              "x": 3500,
              "y": 5900,
            },
            {
              "x": 3500,
              "y": 6100,
            },
            {
              "x": 7100,
              "y": 6100,
            },
            {
              "x": 7100,
              "y": 5550,
            },
            {
              "x": 6900,
              "y": 5550,
            },
            {
              "x": 6900,
              "y": 5900,
            },
            {
              "x": 4050,
              "y": 5900,
            },
            {
              "x": 4050,
              "y": 4450,
            },
            {
              "x": 4200,
              "y": 4450,
            },
            {
              "x": 4200,
              "y": 4350,
            },
            {
              "x": 4050,
              "y": 4350,
            },
            {
              "x": 4050,
              "y": 4150,
            },
            {
              "x": 3950,
              "y": 4150,
            },
          ],
          [
            {
              "x": 5000,
              "y": 4350,
            },
            {
              "x": 5000,
              "y": 4450,
            },
            {
              "x": 6900,
              "y": 4450,
            },
            {
              "x": 6900,
              "y": 4850,
            },
            {
              "x": 7100,
              "y": 4850,
            },
            {
              "x": 7100,
              "y": 2100,
            },
            {
              "x": 6900,
              "y": 2100,
            },
            {
              "x": 6900,
              "y": 2950,
            },
            {
              "x": 6800,
              "y": 2950,
            },
            {
              "x": 6800,
              "y": 3050,
            },
            {
              "x": 6900,
              "y": 3050,
            },
            {
              "x": 6900,
              "y": 4350,
            },
          ],
        ],
        "scale": 1,
        "t": "hatch",
      },
    },
    {
      "layer": "wallFace",
      "paint": {
        "fill": "none",
        "linejoin": "miter",
        "stroke": "#1b1b1b",
        "width": 20.16,
      },
      "prim": {
        "loops": [
          [
            {
              "x": -100,
              "y": -100,
            },
            {
              "x": -100,
              "y": 1250,
            },
            {
              "x": 100,
              "y": 1250,
            },
            {
              "x": 100,
              "y": 100,
            },
            {
              "x": 3950,
              "y": 100,
            },
            {
              "x": 3950,
              "y": 3250,
            },
            {
              "x": 4050,
              "y": 3250,
            },
            {
              "x": 4050,
              "y": 3050,
            },
            {
              "x": 6000,
              "y": 3050,
            },
            {
              "x": 6000,
              "y": 2950,
            },
            {
              "x": 4050,
              "y": 2950,
            },
            {
              "x": 4050,
              "y": 100,
            },
            {
              "x": 6900,
              "y": 100,
            },
            {
              "x": 6900,
              "y": 900,
            },
            {
              "x": 7100,
              "y": 900,
            },
            {
              "x": 7100,
              "y": -100,
            },
          ],
          [
            {
              "x": 100,
              "y": 2750,
            },
            {
              "x": -100,
              "y": 2750,
            },
            {
              "x": -100,
              "y": 6100,
            },
            {
              "x": 2500,
              "y": 6100,
            },
            {
              "x": 2500,
              "y": 5900,
            },
            {
              "x": 100,
              "y": 5900,
            },
          ],
          [
            {
              "x": 3950,
              "y": 5900,
            },
            {
              "x": 3500,
              "y": 5900,
            },
            {
              "x": 3500,
              "y": 6100,
            },
            {
              "x": 7100,
              "y": 6100,
            },
            {
              "x": 7100,
              "y": 5550,
            },
            {
              "x": 6900,
              "y": 5550,
            },
            {
              "x": 6900,
              "y": 5900,
            },
            {
              "x": 4050,
              "y": 5900,
            },
            {
              "x": 4050,
              "y": 4450,
            },
            {
              "x": 4200,
              "y": 4450,
            },
            {
              "x": 4200,
              "y": 4350,
            },
            {
              "x": 4050,
              "y": 4350,
            },
            {
              "x": 4050,
              "y": 4150,
            },
            {
              "x": 3950,
              "y": 4150,
            },
          ],
          [
            {
              "x": 5000,
              "y": 4350,
            },
            {
              "x": 5000,
              "y": 4450,
            },
            {
              "x": 6900,
              "y": 4450,
            },
            {
              "x": 6900,
              "y": 4850,
            },
            {
              "x": 7100,
              "y": 4850,
            },
            {
              "x": 7100,
              "y": 2100,
            },
            {
              "x": 6900,
              "y": 2100,
            },
            {
              "x": 6900,
              "y": 2950,
            },
            {
              "x": 6800,
              "y": 2950,
            },
            {
              "x": 6800,
              "y": 3050,
            },
            {
              "x": 6900,
              "y": 3050,
            },
            {
              "x": 6900,
              "y": 4350,
            },
          ],
        ],
        "t": "region",
      },
    },
  ],
  "width": 9648,
}
`;
